MPLINK 4.42, Linker
Linker Map File - Created Tue Jan 14 18:03:47 2014

                                 Section Info
                  Section       Type    Address   Location Size(Bytes)
                ---------  ---------  ---------  ---------  ---------
                   .org_0       code   0x000000    program   0x000020



                              Program Memory Usage 
                               Start         End      
                           ---------   ---------      
                            0x000000    0x00000f      
            16 out of 8454 program addresses used, program memory utilization is 0%



                              Symbols - Sorted by Name
                     Name    Address   Location    Storage File                     
                ---------  ---------  ---------  --------- ---------                
               ATRASO_4MS   0x000000    program     static C:\Users\JUNIOR\Dropbox\Aplicada2-Pic\Software\RODA.asm
                  TEMPO_0   0x000002    program     static C:\Users\JUNIOR\Dropbox\Aplicada2-Pic\Software\RODA.asm
                  TEMPO_1   0x000004    program     static C:\Users\JUNIOR\Dropbox\Aplicada2-Pic\Software\RODA.asm
                  TEMPO_2   0x000006    program     static C:\Users\JUNIOR\Dropbox\Aplicada2-Pic\Software\RODA.asm



                              Symbols - Sorted by Address
                     Name    Address   Location    Storage File                     
                ---------  ---------  ---------  --------- ---------                
               ATRASO_4MS   0x000000    program     static C:\Users\JUNIOR\Dropbox\Aplicada2-Pic\Software\RODA.asm
                  TEMPO_0   0x000002    program     static C:\Users\JUNIOR\Dropbox\Aplicada2-Pic\Software\RODA.asm
                  TEMPO_1   0x000004    program     static C:\Users\JUNIOR\Dropbox\Aplicada2-Pic\Software\RODA.asm
                  TEMPO_2   0x000006    program     static C:\Users\JUNIOR\Dropbox\Aplicada2-Pic\Software\RODA.asm


