MPLINK 4.42, Linker
Linker Map File - Created Wed Jan 15 23:51:51 2014

                                 Section Info
                  Section       Type    Address   Location Size(Bytes)
                ---------  ---------  ---------  ---------  ---------
                   .org_0       code   0x000000    program   0x000000
                   .org_1       code   0x000000    program   0x000002
                   .org_2       code   0x000004    program   0x00009a
 .config_2007_ROTACIONA.O       code   0x002007    program   0x000002



                              Program Memory Usage 
                               Start         End      
                           ---------   ---------      
                            0x000000    0x000000      
                            0x000004    0x000050      
                            0x002007    0x002007      
            79 out of 8454 program addresses used, program memory utilization is 0%



                              Symbols - Sorted by Name
                     Name    Address   Location    Storage File                     
                ---------  ---------  ---------  --------- ---------                
                  CONFIG_   0x000028    program     static C:\Users\JUNIOR\Dropbox\Aplicada2-Pic\Software\rotaciona.asm
                  DELAY_M   0x00000c    program     static C:\Users\JUNIOR\Dropbox\Aplicada2-Pic\Software\rotaciona.asm
                   FUNCAO   0x000017    program     static C:\Users\JUNIOR\Dropbox\Aplicada2-Pic\Software\rotaciona.asm
                     MAIN   0x000044    program     static C:\Users\JUNIOR\Dropbox\Aplicada2-Pic\Software\rotaciona.asm
                    RODA1   0x000019    program     static C:\Users\JUNIOR\Dropbox\Aplicada2-Pic\Software\rotaciona.asm
                    RODA2   0x000021    program     static C:\Users\JUNIOR\Dropbox\Aplicada2-Pic\Software\rotaciona.asm
                  SAI_INT   0x000007    program     static C:\Users\JUNIOR\Dropbox\Aplicada2-Pic\Software\rotaciona.asm
                  TEMPO_1   0x00000e    program     static C:\Users\JUNIOR\Dropbox\Aplicada2-Pic\Software\rotaciona.asm
                  TEMPO_2   0x000010    program     static C:\Users\JUNIOR\Dropbox\Aplicada2-Pic\Software\rotaciona.asm



                              Symbols - Sorted by Address
                     Name    Address   Location    Storage File                     
                ---------  ---------  ---------  --------- ---------                
                  SAI_INT   0x000007    program     static C:\Users\JUNIOR\Dropbox\Aplicada2-Pic\Software\rotaciona.asm
                  DELAY_M   0x00000c    program     static C:\Users\JUNIOR\Dropbox\Aplicada2-Pic\Software\rotaciona.asm
                  TEMPO_1   0x00000e    program     static C:\Users\JUNIOR\Dropbox\Aplicada2-Pic\Software\rotaciona.asm
                  TEMPO_2   0x000010    program     static C:\Users\JUNIOR\Dropbox\Aplicada2-Pic\Software\rotaciona.asm
                   FUNCAO   0x000017    program     static C:\Users\JUNIOR\Dropbox\Aplicada2-Pic\Software\rotaciona.asm
                    RODA1   0x000019    program     static C:\Users\JUNIOR\Dropbox\Aplicada2-Pic\Software\rotaciona.asm
                    RODA2   0x000021    program     static C:\Users\JUNIOR\Dropbox\Aplicada2-Pic\Software\rotaciona.asm
                  CONFIG_   0x000028    program     static C:\Users\JUNIOR\Dropbox\Aplicada2-Pic\Software\rotaciona.asm
                     MAIN   0x000044    program     static C:\Users\JUNIOR\Dropbox\Aplicada2-Pic\Software\rotaciona.asm


