MPLINK 4.48, Linker
Linker Map File - Created Wed Sep 25 21:45:13 2013

                                 Section Info
                  Section       Type    Address   Location Size(Bytes)
                ---------  ---------  ---------  ---------  ---------
                   .org_0       code   0x000000    program   0x000000
                   .org_1       code   0x000000    program   0x000002
                   .org_2       code   0x000004    program   0x0000d4
  .config_2007_TEMPLATE.O       code   0x002007    program   0x000002



                              Program Memory Usage 
                               Start         End      
                           ---------   ---------      
                            0x000000    0x000000      
                            0x000004    0x00006d      
                            0x002007    0x002007      
            108 out of 8454 program addresses used, program memory utilization is 1%



                              Symbols - Sorted by Name
                     Name    Address   Location    Storage File                     
                ---------  ---------  ---------  --------- ---------                
                 ATRASO_1   0x000019    program     static C:\Users\Arnaldo\Dropbox\tiagaopic\template.asm
                 ATRASO_2   0x00001b    program     static C:\Users\Arnaldo\Dropbox\tiagaopic\template.asm
               ATRASO_BOT   0x000017    program     static C:\Users\Arnaldo\Dropbox\tiagaopic\template.asm
                  CONFIG_   0x000036    program     static C:\Users\Arnaldo\Dropbox\tiagaopic\template.asm
                  DELAY_M   0x00000c    program     static C:\Users\Arnaldo\Dropbox\tiagaopic\template.asm
               FUNCAORODA   0x000022    program     static C:\Users\Arnaldo\Dropbox\tiagaopic\template.asm
               INCREMENTA   0x000033    program     static C:\Users\Arnaldo\Dropbox\tiagaopic\template.asm
                     MAIN   0x000052    program     static C:\Users\Arnaldo\Dropbox\tiagaopic\template.asm
                    RODA1   0x000024    program     static C:\Users\Arnaldo\Dropbox\tiagaopic\template.asm
                    RODA2   0x00002c    program     static C:\Users\Arnaldo\Dropbox\tiagaopic\template.asm
                  SAI_INT   0x000007    program     static C:\Users\Arnaldo\Dropbox\tiagaopic\template.asm
                  TEMPO_1   0x00000e    program     static C:\Users\Arnaldo\Dropbox\tiagaopic\template.asm
                  TEMPO_2   0x000010    program     static C:\Users\Arnaldo\Dropbox\tiagaopic\template.asm
          TESTE_BOT0_BOT1   0x000052    program     static C:\Users\Arnaldo\Dropbox\tiagaopic\template.asm
               TESTE_BOT1   0x000052    program     static C:\Users\Arnaldo\Dropbox\tiagaopic\template.asm
               TESTE_BOT2   0x000057    program     static C:\Users\Arnaldo\Dropbox\tiagaopic\template.asm
          TESTE_BOT2_BOT3   0x000063    program     static C:\Users\Arnaldo\Dropbox\tiagaopic\template.asm
               TESTE_BOT3   0x00005c    program     static C:\Users\Arnaldo\Dropbox\tiagaopic\template.asm



                              Symbols - Sorted by Address
                     Name    Address   Location    Storage File                     
                ---------  ---------  ---------  --------- ---------                
                  SAI_INT   0x000007    program     static C:\Users\Arnaldo\Dropbox\tiagaopic\template.asm
                  DELAY_M   0x00000c    program     static C:\Users\Arnaldo\Dropbox\tiagaopic\template.asm
                  TEMPO_1   0x00000e    program     static C:\Users\Arnaldo\Dropbox\tiagaopic\template.asm
                  TEMPO_2   0x000010    program     static C:\Users\Arnaldo\Dropbox\tiagaopic\template.asm
               ATRASO_BOT   0x000017    program     static C:\Users\Arnaldo\Dropbox\tiagaopic\template.asm
                 ATRASO_1   0x000019    program     static C:\Users\Arnaldo\Dropbox\tiagaopic\template.asm
                 ATRASO_2   0x00001b    program     static C:\Users\Arnaldo\Dropbox\tiagaopic\template.asm
               FUNCAORODA   0x000022    program     static C:\Users\Arnaldo\Dropbox\tiagaopic\template.asm
                    RODA1   0x000024    program     static C:\Users\Arnaldo\Dropbox\tiagaopic\template.asm
                    RODA2   0x00002c    program     static C:\Users\Arnaldo\Dropbox\tiagaopic\template.asm
               INCREMENTA   0x000033    program     static C:\Users\Arnaldo\Dropbox\tiagaopic\template.asm
                  CONFIG_   0x000036    program     static C:\Users\Arnaldo\Dropbox\tiagaopic\template.asm
                     MAIN   0x000052    program     static C:\Users\Arnaldo\Dropbox\tiagaopic\template.asm
          TESTE_BOT0_BOT1   0x000052    program     static C:\Users\Arnaldo\Dropbox\tiagaopic\template.asm
               TESTE_BOT1   0x000052    program     static C:\Users\Arnaldo\Dropbox\tiagaopic\template.asm
               TESTE_BOT2   0x000057    program     static C:\Users\Arnaldo\Dropbox\tiagaopic\template.asm
               TESTE_BOT3   0x00005c    program     static C:\Users\Arnaldo\Dropbox\tiagaopic\template.asm
          TESTE_BOT2_BOT3   0x000063    program     static C:\Users\Arnaldo\Dropbox\tiagaopic\template.asm


