MPLINK 4.42, Linker
Linker Map File - Created Sat Mar 08 23:23:36 2014

                                 Section Info
                  Section       Type    Address   Location Size(Bytes)
                ---------  ---------  ---------  ---------  ---------
                   .org_0       code   0x000000    program   0x000000
                   .org_1       code   0x000000    program   0x000002
                   .org_2       code   0x000004    program   0x00005a
.config_2007_PISCAPISCATIMER0.O       code   0x002007    program   0x000002



                              Program Memory Usage 
                               Start         End      
                           ---------   ---------      
                            0x000000    0x000000      
                            0x000004    0x000030      
                            0x002007    0x002007      
            47 out of 8454 program addresses used, program memory utilization is 0%



                              Symbols - Sorted by Name
                     Name    Address   Location    Storage File                     
                ---------  ---------  ---------  --------- ---------                
                   ACENDE   0x000013    program     static C:\Users\JUNIOR\Dropbox\Aplicada2-Pic\Software\Nova pasta\PiscaPiscaTimer0.asm
                   INICIO   0x00001a    program     static C:\Users\JUNIOR\Dropbox\Aplicada2-Pic\Software\Nova pasta\PiscaPiscaTimer0.asm
                     LOOP   0x000030    program     static C:\Users\JUNIOR\Dropbox\Aplicada2-Pic\Software\Nova pasta\PiscaPiscaTimer0.asm
                    VOLTA   0x000014    program     static C:\Users\JUNIOR\Dropbox\Aplicada2-Pic\Software\Nova pasta\PiscaPiscaTimer0.asm



                              Symbols - Sorted by Address
                     Name    Address   Location    Storage File                     
                ---------  ---------  ---------  --------- ---------                
                   ACENDE   0x000013    program     static C:\Users\JUNIOR\Dropbox\Aplicada2-Pic\Software\Nova pasta\PiscaPiscaTimer0.asm
                    VOLTA   0x000014    program     static C:\Users\JUNIOR\Dropbox\Aplicada2-Pic\Software\Nova pasta\PiscaPiscaTimer0.asm
                   INICIO   0x00001a    program     static C:\Users\JUNIOR\Dropbox\Aplicada2-Pic\Software\Nova pasta\PiscaPiscaTimer0.asm
                     LOOP   0x000030    program     static C:\Users\JUNIOR\Dropbox\Aplicada2-Pic\Software\Nova pasta\PiscaPiscaTimer0.asm


