MPLINK 4.31, Linker
Linker Map File - Created Mon Sep 23 18:00:47 2013

                                 Section Info
                  Section       Type    Address   Location Size(Bytes)
                ---------  ---------  ---------  ---------  ---------
               _entry_scn       code   0x000000    program   0x000006
           .code___init.o       code   0x000006    program   0x000002
    vec_int_high_priority       code   0x000008    program   0x000006
       .romdata_pw2open.o    romdata   0x00000e    program   0x000000
        .romdata_t0open.o    romdata   0x00000e    program   0x000000
       .romdata_cm1open.o    romdata   0x00000e    program   0x000000
        .romdata_t1open.o    romdata   0x00000e    program   0x000000
         .romdata_uopen.o    romdata   0x00000e    program   0x000000
         .romdata_uread.o    romdata   0x00000e    program   0x000000
      .romdata_pw2setdc.o    romdata   0x00000e    program   0x000000
         .romdata_udefs.o    romdata   0x00000e    program   0x000000
         .romdata_c018i.o    romdata   0x00000e    program   0x000000
  .romdata_enc_template.o    romdata   0x00000e    program   0x000000
        .romdata___init.o    romdata   0x00000e    program   0x000000
        .romdata_uwrite.o    romdata   0x00000e    program   0x000000
         .romdata_Delay.o    romdata   0x00000e    program   0x000000
       .romdata_t1write.o    romdata   0x00000e    program   0x000000
          .idata_xlcd.o_i    romdata   0x00000e    program   0x000001
          .romdata_xlcd.o    romdata   0x00000e    program   0x000000
       .romdata_t0write.o    romdata   0x00000e    program   0x000000
         .idata_udefs.o_i    romdata   0x00000f    program   0x000000
      .idata_pw2setdc.o_i    romdata   0x00000f    program   0x000000
         .idata_uread.o_i    romdata   0x00000f    program   0x000000
       .idata_t1write.o_i    romdata   0x00000f    program   0x000000
         .idata_uopen.o_i    romdata   0x00000f    program   0x000000
        .idata_uwrite.o_i    romdata   0x00000f    program   0x000000
        .idata_t1open.o_i    romdata   0x00000f    program   0x000000
       .idata_t0write.o_i    romdata   0x00000f    program   0x000000
        .idata___init.o_i    romdata   0x00000f    program   0x000000
        .idata_t0open.o_i    romdata   0x00000f    program   0x000000
       .idata_pw2open.o_i    romdata   0x00000f    program   0x000000
         .idata_c018i.o_i    romdata   0x00000f    program   0x000000
       .idata_cm1open.o_i    romdata   0x00000f    program   0x000000
         .idata_Delay.o_i    romdata   0x00000f    program   0x000000
            .code_c018i.o       code   0x000010    program   0x000000
            .code_udefs.o       code   0x000010    program   0x000000
     vec_int_low_priority       code   0x000018    program   0x000006
                   .cinit    romdata   0x00001e    program   0x00001a
     .code_enc_template.o       code   0x000038    program   0x0003de
             .code_xlcd.o       code   0x000416    program   0x000280
               _cinit_scn       code   0x000696    program   0x00009e
            .code_uopen.o       code   0x000734    program   0x00007a
          .code_pw2open.o       code   0x0007ae    program   0x000076
         .code_pw2setdc.o       code   0x000824    program   0x00005e
          .code_cm1open.o       code   0x000882    program   0x000054
            .code_Delay.o       code   0x0008d6    program   0x00004e
           .code_t1open.o       code   0x000924    program   0x000042
            .code_uread.o       code   0x000966    program   0x00003e
          .code_t1write.o       code   0x0009a4    program   0x000038
          .code_t0write.o       code   0x0009dc    program   0x000038
           .code_t0open.o       code   0x000a14    program   0x000038
             D10KTCYXCODE       code   0x000a4c    program   0x00002e
           .code_uwrite.o       code   0x000a7a    program   0x00002e
              D1KTCYXCODE       code   0x000aa8    program   0x000020
             _startup_scn       code   0x000ac8    program   0x00001c
              D10TCYXCODE       code   0x000ae4    program   0x000016
                    .code       code   0x000afa    program   0x00000e
  .idata_enc_template.o_i    romdata   0x000b08    program   0x000014
.config_300001_enc_template.o    romdata   0x300001    program   0x000001
.config_300002_enc_template.o    romdata   0x300002    program   0x000001
.config_300003_enc_template.o    romdata   0x300003    program   0x000001
.config_300006_enc_template.o    romdata   0x300006    program   0x000001
                 .tmpdata      udata   0x000000       data   0x000004
                MATH_DATA      udata   0x000004       data   0x000002
                DELAYDAT2      udata   0x000006       data   0x000001
                DELAYDAT1      udata   0x000007       data   0x000001
    .idata_enc_template.o      idata   0x000080       data   0x000014
           .udata_c018i.o      udata   0x000094       data   0x00000a
    .udata_enc_template.o      udata   0x00009e       data   0x000007
           .udata_udefs.o      udata   0x0000a5       data   0x000001
            .idata_xlcd.o      idata   0x0000a6       data   0x000001
           .udata_uread.o      udata   0x0000a7       data   0x000000
           .idata_uread.o      idata   0x0000a7       data   0x000000
        .udata_pw2setdc.o      udata   0x0000a7       data   0x000000
        .idata_pw2setdc.o      idata   0x0000a7       data   0x000000
           .idata_udefs.o      idata   0x0000a7       data   0x000000
         .udata_t0write.o      udata   0x0000a7       data   0x000000
         .idata_t0write.o      idata   0x0000a7       data   0x000000
         .udata_t1write.o      udata   0x0000a7       data   0x000000
          .idata___init.o      idata   0x0000a7       data   0x000000
         .idata_t1write.o      idata   0x0000a7       data   0x000000
          .udata_uwrite.o      udata   0x0000a7       data   0x000000
          .idata_uwrite.o      idata   0x0000a7       data   0x000000
          .udata___init.o      udata   0x0000a7       data   0x000000
           .idata_uopen.o      idata   0x0000a7       data   0x000000
           .udata_uopen.o      udata   0x0000a7       data   0x000000
          .idata_t1open.o      idata   0x0000a7       data   0x000000
          .udata_t1open.o      udata   0x0000a7       data   0x000000
          .idata_t0open.o      idata   0x0000a7       data   0x000000
          .udata_t0open.o      udata   0x0000a7       data   0x000000
         .idata_pw2open.o      idata   0x0000a7       data   0x000000
         .udata_pw2open.o      udata   0x0000a7       data   0x000000
         .idata_cm1open.o      idata   0x0000a7       data   0x000000
         .udata_cm1open.o      udata   0x0000a7       data   0x000000
            .udata_xlcd.o      udata   0x0000a7       data   0x000000
           .idata_Delay.o      idata   0x0000a7       data   0x000000
           .udata_Delay.o      udata   0x0000a7       data   0x000000
           .idata_c018i.o      idata   0x0000a7       data   0x000000
                   .stack      udata   0x000500       data   0x000100
            SFR_UNBANKED0      udata   0x000f80       data   0x000080



                              Program Memory Usage 
                               Start         End      
                           ---------   ---------      
                            0x000000    0x00000e      
                            0x000018    0x000b1b      
                            0x300001    0x300003      
                            0x300006    0x300006      
            2839 out of 33048 program addresses used, program memory utilization is 8%



                              Symbols - Sorted by Name
                     Name    Address   Location    Storage File                     
                ---------  ---------  ---------  --------- ---------                
                 Converte   0x0000a6    program     extern T:\00000000\Cooler\encoder\enc_template.c
                   D10K_1   0x000a58    program     static C:\MCC18\src\traditional\delays\d10ktcyx.asm
                    D10Kl   0x000a64    program     static C:\MCC18\src\traditional\delays\d10ktcyx.asm
                    D10Kx   0x000a56    program     static C:\MCC18\src\traditional\delays\d10ktcyx.asm
                    D10_1   0x000af4    program     static C:\MCC18\src\traditional\delays\d10tcyx.asm
                     D10x   0x000aec    program     static C:\MCC18\src\traditional\delays\d10tcyx.asm
                    D1K_1   0x000ab4    program     static C:\MCC18\src\traditional\delays\d1ktcyx.asm
                     D1Kx   0x000ab2    program     static C:\MCC18\src\traditional\delays\d1ktcyx.asm
                    Delay   0x0008d6    program     extern T:\00000000\Cooler\encoder\Delay.c
             Delay10KTCYx   0x000a4c    program     extern C:\MCC18\src\traditional\delays\d10ktcyx.asm
              Delay10TCYx   0x000ae4    program     extern C:\MCC18\src\traditional\delays\d10tcyx.asm
              Delay1KTCYx   0x000aa8    program     extern C:\MCC18\src\traditional\delays\d1ktcyx.asm
        ISR_High_Priority   0x000038    program     extern T:\00000000\Cooler\encoder\enc_template.c
         ISR_Low_Priority   0x000080    program     extern T:\00000000\Cooler\encoder\enc_template.c
             OpenCompare1   0x000882    program     extern C:\MCC18\src\pmc_common\CMP\cm1open.c
                 OpenPWM2   0x0007ae    program     extern C:\MCC18\src\pmc_common\PWM\pw2open.c
               OpenTimer0   0x000a14    program     extern C:\MCC18\src\pmc_common\Timers\t0open.c
               OpenTimer1   0x000924    program     extern C:\MCC18\src\pmc_common\Timers\t1open.c
                OpenUSART   0x000734    program     extern C:\MCC18\src\pmc_common\USART\uopen.c
                ReadUSART   0x000966    program     extern C:\MCC18\src\pmc_common\USART\uread.c
                SetDCPWM2   0x000824    program     extern C:\MCC18\src\pmc_common\PWM\pw2setdc.c
              WriteTimer0   0x0009dc    program     extern C:\MCC18\src\pmc_common\Timers\t0write.c
              WriteTimer1   0x0009a4    program     extern C:\MCC18\src\pmc_common\Timers\t1write.c
               WriteUSART   0x000a7a    program     extern C:\MCC18\src\pmc_common\USART\uwrite.c
              XLCDCommand   0x0004c0    program     extern T:\00000000\Cooler\encoder\xlcd.c
                  XLCDGet   0x0005ca    program     extern T:\00000000\Cooler\encoder\xlcd.c
              XLCDGetAddr   0x000584    program     extern T:\00000000\Cooler\encoder\xlcd.c
                 XLCDInit   0x000416    program     extern T:\00000000\Cooler\encoder\xlcd.c
               XLCDIsBusy   0x000550    program     extern T:\00000000\Cooler\encoder\xlcd.c
                  XLCDPut   0x000516    program     extern T:\00000000\Cooler\encoder\xlcd.c
         XLCDPutRamString   0x000654    program     extern T:\00000000\Cooler\encoder\xlcd.c
         XLCDPutRomString   0x00060e    program     extern T:\00000000\Cooler\encoder\xlcd.c
       _D10KTCYXCODE_0010   0x000a5c    program     static C:\MCC18\src\traditional\delays\d10ktcyx.asm
       _D10KTCYXCODE_001C   0x000a68    program     static C:\MCC18\src\traditional\delays\d10ktcyx.asm
        _D10TCYXCODE_000A   0x000aee    program     static C:\MCC18\src\traditional\delays\d10tcyx.asm
        _D10TCYXCODE_000C   0x000af0    program     static C:\MCC18\src\traditional\delays\d10tcyx.asm
        _D10TCYXCODE_000E   0x000af2    program     static C:\MCC18\src\traditional\delays\d10tcyx.asm
        _D1KTCYXCODE_0010   0x000ab8    program     static C:\MCC18\src\traditional\delays\d1ktcyx.asm
        _D1KTCYXCODE_0016   0x000abe    program     static C:\MCC18\src\traditional\delays\d1ktcyx.asm
         ___else_lbl00002   0x0007ea    program     static                          
         ___else_lbl00004   0x0007f8    program     static                          
          ___for_lbl00001   0x000906    program     static                          
          ___for_lbl00002   0x000910    program     static                          
          ___for_lbl00003   0x0008e6    program     static                          
           ___if_lbl00001   0x0007ee    program     static                          
           ___if_lbl00003   0x0007fa    program     static                          
           ___if_lbl00003   0x00004c    program     static                          
           ___if_lbl00004   0x00007c    program     static                          
       ___return_lbl00000   0x000004    program     static                          
       ___return_lbl00000   0x00000c    program     static                          
       ___return_lbl00000   0x00080c    program     static                          
       ___return_lbl00000   0x000910    program     static                          
       ___return_lbl00001   0x00001c    program     static                          
       ___return_lbl00001   0x000ae2    program     static                          
       ___return_lbl00002   0x00007e    program     static                          
       ___return_lbl00002   0x000732    program     static                          
       ___return_lbl00005   0x0000a4    program     static                          
       ___return_lbl00035   0x0003d6    program     static                          
       ___return_lbl00036   0x00040e    program     static                          
               __config_0   0x300001    program     static T:\00000000\Cooler\encoder\enc_template.c
               __config_1   0x300002    program     static T:\00000000\Cooler\encoder\enc_template.c
               __config_2   0x300003    program     static T:\00000000\Cooler\encoder\enc_template.c
               __config_3   0x300006    program     static T:\00000000\Cooler\encoder\enc_template.c
                   __init   0x000006    program     extern C:\MCC18\src\traditional\stdclib\__init.c
            __zero_memory   0x000afa    program     extern C:\MCC18\src\traditional\proc\p18F452.asm
                _do_cinit   0x000696    program     extern C:\MCC18\src\traditional\startup\c018i.c
                   _entry   0x000000    program     extern C:\MCC18\src\traditional\startup\c018i.c
                 _startup   0x000ac8    program     extern C:\MCC18\src\traditional\startup\c018i.c
               clear_loop   0x000b00    program     static C:\MCC18\src\traditional\proc\p18F452.asm
                copy_loop   0x000708    program     static                          
            copy_one_byte   0x00070e    program     static                          
                     done   0x000732    program     static                          
             done_copying   0x00071c    program     static                          
          escreve_comando   0x0003a8    program     extern T:\00000000\Cooler\encoder\enc_template.c
             escreve_dado   0x0003de    program     extern T:\00000000\Cooler\encoder\enc_template.c
               inicia_lcd   0x00035a    program     extern T:\00000000\Cooler\encoder\enc_template.c
                     loop   0x000ad8    program     static                          
                     main   0x00016c    program     extern T:\00000000\Cooler\encoder\enc_template.c
                     test   0x0006b0    program     static                          
    vec_int_high_priority   0x000008    program     extern T:\00000000\Cooler\encoder\enc_template.c
     vec_int_low_priority   0x000018    program     extern T:\00000000\Cooler\encoder\enc_template.c
                   ADCON0   0x000fc2       data     extern C:\MCC18\src\traditional\proc\p18F452.asm
               ADCON0bits   0x000fc2       data     extern C:\MCC18\src\traditional\proc\p18F452.asm
                   ADCON1   0x000fc1       data     extern C:\MCC18\src\traditional\proc\p18F452.asm
               ADCON1bits   0x000fc1       data     extern C:\MCC18\src\traditional\proc\p18F452.asm
                    ADRES   0x000fc3       data     extern C:\MCC18\src\traditional\proc\p18F452.asm
                   ADRESH   0x000fc4       data     extern C:\MCC18\src\traditional\proc\p18F452.asm
                   ADRESL   0x000fc3       data     extern C:\MCC18\src\traditional\proc\p18F452.asm
                      BSR   0x000fe0       data     extern C:\MCC18\src\traditional\proc\p18F452.asm
                 BSR_temp   0x00009f       data     extern T:\00000000\Cooler\encoder\enc_template.c
                  CCP1CON   0x000fbd       data     extern C:\MCC18\src\traditional\proc\p18F452.asm
              CCP1CONbits   0x000fbd       data     extern C:\MCC18\src\traditional\proc\p18F452.asm
                  CCP2CON   0x000fba       data     extern C:\MCC18\src\traditional\proc\p18F452.asm
              CCP2CONbits   0x000fba       data     extern C:\MCC18\src\traditional\proc\p18F452.asm
                    CCPR1   0x000fbe       data     extern C:\MCC18\src\traditional\proc\p18F452.asm
                   CCPR1H   0x000fbf       data     extern C:\MCC18\src\traditional\proc\p18F452.asm
                   CCPR1L   0x000fbe       data     extern C:\MCC18\src\traditional\proc\p18F452.asm
                    CCPR2   0x000fbb       data     extern C:\MCC18\src\traditional\proc\p18F452.asm
                   CCPR2H   0x000fbc       data     extern C:\MCC18\src\traditional\proc\p18F452.asm
                   CCPR2L   0x000fbb       data     extern C:\MCC18\src\traditional\proc\p18F452.asm
                     DDRA   0x000f92       data     extern C:\MCC18\src\traditional\proc\p18F452.asm
                 DDRAbits   0x000f92       data     extern C:\MCC18\src\traditional\proc\p18F452.asm
                     DDRB   0x000f93       data     extern C:\MCC18\src\traditional\proc\p18F452.asm
                 DDRBbits   0x000f93       data     extern C:\MCC18\src\traditional\proc\p18F452.asm
                     DDRC   0x000f94       data     extern C:\MCC18\src\traditional\proc\p18F452.asm
                 DDRCbits   0x000f94       data     extern C:\MCC18\src\traditional\proc\p18F452.asm
                     DDRD   0x000f95       data     extern C:\MCC18\src\traditional\proc\p18F452.asm
                 DDRDbits   0x000f95       data     extern C:\MCC18\src\traditional\proc\p18F452.asm
                     DDRE   0x000f96       data     extern C:\MCC18\src\traditional\proc\p18F452.asm
                 DDREbits   0x000f96       data     extern C:\MCC18\src\traditional\proc\p18F452.asm
            DelayCounter1   0x000007       data     extern C:\MCC18\src\traditional\delays\delayd1.asm
            DelayCounter2   0x000006       data     extern C:\MCC18\src\traditional\delays\delayd2.asm
                    EEADR   0x000fa9       data     extern C:\MCC18\src\traditional\proc\p18F452.asm
                   EECON1   0x000fa6       data     extern C:\MCC18\src\traditional\proc\p18F452.asm
               EECON1bits   0x000fa6       data     extern C:\MCC18\src\traditional\proc\p18F452.asm
                   EECON2   0x000fa7       data     extern C:\MCC18\src\traditional\proc\p18F452.asm
                   EEDATA   0x000fa8       data     extern C:\MCC18\src\traditional\proc\p18F452.asm
                     FSR0   0x000fe9       data     extern C:\MCC18\src\traditional\proc\p18F452.asm
                    FSR0H   0x000fea       data     extern C:\MCC18\src\traditional\proc\p18F452.asm
                    FSR0L   0x000fe9       data     extern C:\MCC18\src\traditional\proc\p18F452.asm
                     FSR1   0x000fe1       data     extern C:\MCC18\src\traditional\proc\p18F452.asm
                    FSR1H   0x000fe2       data     extern C:\MCC18\src\traditional\proc\p18F452.asm
                    FSR1L   0x000fe1       data     extern C:\MCC18\src\traditional\proc\p18F452.asm
                     FSR2   0x000fd9       data     extern C:\MCC18\src\traditional\proc\p18F452.asm
                    FSR2H   0x000fda       data     extern C:\MCC18\src\traditional\proc\p18F452.asm
                    FSR2L   0x000fd9       data     extern C:\MCC18\src\traditional\proc\p18F452.asm
                    INDF0   0x000fef       data     extern C:\MCC18\src\traditional\proc\p18F452.asm
                    INDF1   0x000fe7       data     extern C:\MCC18\src\traditional\proc\p18F452.asm
                    INDF2   0x000fdf       data     extern C:\MCC18\src\traditional\proc\p18F452.asm
                   INTCON   0x000ff2       data     extern C:\MCC18\src\traditional\proc\p18F452.asm
                  INTCON2   0x000ff1       data     extern C:\MCC18\src\traditional\proc\p18F452.asm
              INTCON2bits   0x000ff1       data     extern C:\MCC18\src\traditional\proc\p18F452.asm
                  INTCON3   0x000ff0       data     extern C:\MCC18\src\traditional\proc\p18F452.asm
              INTCON3bits   0x000ff0       data     extern C:\MCC18\src\traditional\proc\p18F452.asm
               INTCONbits   0x000ff2       data     extern C:\MCC18\src\traditional\proc\p18F452.asm
                     IPR1   0x000f9f       data     extern C:\MCC18\src\traditional\proc\p18F452.asm
                 IPR1bits   0x000f9f       data     extern C:\MCC18\src\traditional\proc\p18F452.asm
                     IPR2   0x000fa2       data     extern C:\MCC18\src\traditional\proc\p18F452.asm
                 IPR2bits   0x000fa2       data     extern C:\MCC18\src\traditional\proc\p18F452.asm
                     LATA   0x000f89       data     extern C:\MCC18\src\traditional\proc\p18F452.asm
                 LATAbits   0x000f89       data     extern C:\MCC18\src\traditional\proc\p18F452.asm
                     LATB   0x000f8a       data     extern C:\MCC18\src\traditional\proc\p18F452.asm
                 LATBbits   0x000f8a       data     extern C:\MCC18\src\traditional\proc\p18F452.asm
                     LATC   0x000f8b       data     extern C:\MCC18\src\traditional\proc\p18F452.asm
                 LATCbits   0x000f8b       data     extern C:\MCC18\src\traditional\proc\p18F452.asm
                     LATD   0x000f8c       data     extern C:\MCC18\src\traditional\proc\p18F452.asm
                 LATDbits   0x000f8c       data     extern C:\MCC18\src\traditional\proc\p18F452.asm
                     LATE   0x000f8d       data     extern C:\MCC18\src\traditional\proc\p18F452.asm
                 LATEbits   0x000f8d       data     extern C:\MCC18\src\traditional\proc\p18F452.asm
                   LVDCON   0x000fd2       data     extern C:\MCC18\src\traditional\proc\p18F452.asm
               LVDCONbits   0x000fd2       data     extern C:\MCC18\src\traditional\proc\p18F452.asm
                   OSCCON   0x000fd3       data     extern C:\MCC18\src\traditional\proc\p18F452.asm
               OSCCONbits   0x000fd3       data     extern C:\MCC18\src\traditional\proc\p18F452.asm
                       PC   0x000ff9       data     extern C:\MCC18\src\traditional\proc\p18F452.asm
                      PCL   0x000ff9       data     extern C:\MCC18\src\traditional\proc\p18F452.asm
                   PCLATH   0x000ffa       data     extern C:\MCC18\src\traditional\proc\p18F452.asm
                   PCLATU   0x000ffb       data     extern C:\MCC18\src\traditional\proc\p18F452.asm
                     PIE1   0x000f9d       data     extern C:\MCC18\src\traditional\proc\p18F452.asm
                 PIE1bits   0x000f9d       data     extern C:\MCC18\src\traditional\proc\p18F452.asm
                     PIE2   0x000fa0       data     extern C:\MCC18\src\traditional\proc\p18F452.asm
                 PIE2bits   0x000fa0       data     extern C:\MCC18\src\traditional\proc\p18F452.asm
                     PIR1   0x000f9e       data     extern C:\MCC18\src\traditional\proc\p18F452.asm
                 PIR1bits   0x000f9e       data     extern C:\MCC18\src\traditional\proc\p18F452.asm
                     PIR2   0x000fa1       data     extern C:\MCC18\src\traditional\proc\p18F452.asm
                 PIR2bits   0x000fa1       data     extern C:\MCC18\src\traditional\proc\p18F452.asm
                   PLUSW0   0x000feb       data     extern C:\MCC18\src\traditional\proc\p18F452.asm
                   PLUSW1   0x000fe3       data     extern C:\MCC18\src\traditional\proc\p18F452.asm
                   PLUSW2   0x000fdb       data     extern C:\MCC18\src\traditional\proc\p18F452.asm
                    PORTA   0x000f80       data     extern C:\MCC18\src\traditional\proc\p18F452.asm
                PORTAbits   0x000f80       data     extern C:\MCC18\src\traditional\proc\p18F452.asm
                    PORTB   0x000f81       data     extern C:\MCC18\src\traditional\proc\p18F452.asm
                PORTBbits   0x000f81       data     extern C:\MCC18\src\traditional\proc\p18F452.asm
                    PORTC   0x000f82       data     extern C:\MCC18\src\traditional\proc\p18F452.asm
                PORTCbits   0x000f82       data     extern C:\MCC18\src\traditional\proc\p18F452.asm
                    PORTD   0x000f83       data     extern C:\MCC18\src\traditional\proc\p18F452.asm
                PORTDbits   0x000f83       data     extern C:\MCC18\src\traditional\proc\p18F452.asm
                    PORTE   0x000f84       data     extern C:\MCC18\src\traditional\proc\p18F452.asm
                PORTEbits   0x000f84       data     extern C:\MCC18\src\traditional\proc\p18F452.asm
                 POSTDEC0   0x000fed       data     extern C:\MCC18\src\traditional\proc\p18F452.asm
                 POSTDEC1   0x000fe5       data     extern C:\MCC18\src\traditional\proc\p18F452.asm
                 POSTDEC2   0x000fdd       data     extern C:\MCC18\src\traditional\proc\p18F452.asm
                 POSTINC0   0x000fee       data     extern C:\MCC18\src\traditional\proc\p18F452.asm
                 POSTINC1   0x000fe6       data     extern C:\MCC18\src\traditional\proc\p18F452.asm
                 POSTINC2   0x000fde       data     extern C:\MCC18\src\traditional\proc\p18F452.asm
                      PR2   0x000fcb       data     extern C:\MCC18\src\traditional\proc\p18F452.asm
                  PREINC0   0x000fec       data     extern C:\MCC18\src\traditional\proc\p18F452.asm
                  PREINC1   0x000fe4       data     extern C:\MCC18\src\traditional\proc\p18F452.asm
                  PREINC2   0x000fdc       data     extern C:\MCC18\src\traditional\proc\p18F452.asm
                     PROD   0x000ff3       data     extern C:\MCC18\src\traditional\proc\p18F452.asm
                    PRODH   0x000ff4       data     extern C:\MCC18\src\traditional\proc\p18F452.asm
                    PRODL   0x000ff3       data     extern C:\MCC18\src\traditional\proc\p18F452.asm
                     RCON   0x000fd0       data     extern C:\MCC18\src\traditional\proc\p18F452.asm
                 RCONbits   0x000fd0       data     extern C:\MCC18\src\traditional\proc\p18F452.asm
                    RCREG   0x000fae       data     extern C:\MCC18\src\traditional\proc\p18F452.asm
                    RCSTA   0x000fab       data     extern C:\MCC18\src\traditional\proc\p18F452.asm
                RCSTAbits   0x000fab       data     extern C:\MCC18\src\traditional\proc\p18F452.asm
                     SIGN   0x000004       data     extern C:\MCC18\src\traditional\math\cmath18.asm
                    SPBRG   0x000faf       data     extern C:\MCC18\src\traditional\proc\p18F452.asm
                   SSPADD   0x000fc8       data     extern C:\MCC18\src\traditional\proc\p18F452.asm
                   SSPBUF   0x000fc9       data     extern C:\MCC18\src\traditional\proc\p18F452.asm
                  SSPCON1   0x000fc6       data     extern C:\MCC18\src\traditional\proc\p18F452.asm
              SSPCON1bits   0x000fc6       data     extern C:\MCC18\src\traditional\proc\p18F452.asm
                  SSPCON2   0x000fc5       data     extern C:\MCC18\src\traditional\proc\p18F452.asm
              SSPCON2bits   0x000fc5       data     extern C:\MCC18\src\traditional\proc\p18F452.asm
                  SSPSTAT   0x000fc7       data     extern C:\MCC18\src\traditional\proc\p18F452.asm
              SSPSTATbits   0x000fc7       data     extern C:\MCC18\src\traditional\proc\p18F452.asm
                   STATUS   0x000fd8       data     extern C:\MCC18\src\traditional\proc\p18F452.asm
              STATUS_temp   0x0000a0       data     extern T:\00000000\Cooler\encoder\enc_template.c
               STATUSbits   0x000fd8       data     extern C:\MCC18\src\traditional\proc\p18F452.asm
                   STKPTR   0x000ffc       data     extern C:\MCC18\src\traditional\proc\p18F452.asm
               STKPTRbits   0x000ffc       data     extern C:\MCC18\src\traditional\proc\p18F452.asm
                    T0CON   0x000fd5       data     extern C:\MCC18\src\traditional\proc\p18F452.asm
                T0CONbits   0x000fd5       data     extern C:\MCC18\src\traditional\proc\p18F452.asm
                    T1CON   0x000fcd       data     extern C:\MCC18\src\traditional\proc\p18F452.asm
                T1CONbits   0x000fcd       data     extern C:\MCC18\src\traditional\proc\p18F452.asm
                    T2CON   0x000fca       data     extern C:\MCC18\src\traditional\proc\p18F452.asm
                T2CONbits   0x000fca       data     extern C:\MCC18\src\traditional\proc\p18F452.asm
                    T3CON   0x000fb1       data     extern C:\MCC18\src\traditional\proc\p18F452.asm
                T3CONbits   0x000fb1       data     extern C:\MCC18\src\traditional\proc\p18F452.asm
                   TABLAT   0x000ff5       data     extern C:\MCC18\src\traditional\proc\p18F452.asm
                   TBLPTR   0x000ff6       data     extern C:\MCC18\src\traditional\proc\p18F452.asm
                  TBLPTRH   0x000ff7       data     extern C:\MCC18\src\traditional\proc\p18F452.asm
                  TBLPTRL   0x000ff6       data     extern C:\MCC18\src\traditional\proc\p18F452.asm
                  TBLPTRU   0x000ff8       data     extern C:\MCC18\src\traditional\proc\p18F452.asm
                    TMR0H   0x000fd7       data     extern C:\MCC18\src\traditional\proc\p18F452.asm
                    TMR0L   0x000fd6       data     extern C:\MCC18\src\traditional\proc\p18F452.asm
                    TMR1H   0x000fcf       data     extern C:\MCC18\src\traditional\proc\p18F452.asm
                    TMR1L   0x000fce       data     extern C:\MCC18\src\traditional\proc\p18F452.asm
                     TMR2   0x000fcc       data     extern C:\MCC18\src\traditional\proc\p18F452.asm
                    TMR3H   0x000fb3       data     extern C:\MCC18\src\traditional\proc\p18F452.asm
                    TMR3L   0x000fb2       data     extern C:\MCC18\src\traditional\proc\p18F452.asm
                      TOS   0x000ffd       data     extern C:\MCC18\src\traditional\proc\p18F452.asm
                     TOSH   0x000ffe       data     extern C:\MCC18\src\traditional\proc\p18F452.asm
                     TOSL   0x000ffd       data     extern C:\MCC18\src\traditional\proc\p18F452.asm
                     TOSU   0x000fff       data     extern C:\MCC18\src\traditional\proc\p18F452.asm
                    TRISA   0x000f92       data     extern C:\MCC18\src\traditional\proc\p18F452.asm
                TRISAbits   0x000f92       data     extern C:\MCC18\src\traditional\proc\p18F452.asm
                    TRISB   0x000f93       data     extern C:\MCC18\src\traditional\proc\p18F452.asm
                TRISBbits   0x000f93       data     extern C:\MCC18\src\traditional\proc\p18F452.asm
                    TRISC   0x000f94       data     extern C:\MCC18\src\traditional\proc\p18F452.asm
                TRISCbits   0x000f94       data     extern C:\MCC18\src\traditional\proc\p18F452.asm
                    TRISD   0x000f95       data     extern C:\MCC18\src\traditional\proc\p18F452.asm
                TRISDbits   0x000f95       data     extern C:\MCC18\src\traditional\proc\p18F452.asm
                    TRISE   0x000f96       data     extern C:\MCC18\src\traditional\proc\p18F452.asm
                TRISEbits   0x000f96       data     extern C:\MCC18\src\traditional\proc\p18F452.asm
                    TXREG   0x000fad       data     extern C:\MCC18\src\traditional\proc\p18F452.asm
                    TXSTA   0x000fac       data     extern C:\MCC18\src\traditional\proc\p18F452.asm
                TXSTAbits   0x000fac       data     extern C:\MCC18\src\traditional\proc\p18F452.asm
             USART_Status   0x0000a5       data     extern C:\MCC18\src\pmc_common\USART\udefs.c
                        W   0x000fe8       data     extern C:\MCC18\src\traditional\proc\p18F452.asm
                   WDTCON   0x000fd1       data     extern C:\MCC18\src\traditional\proc\p18F452.asm
               WDTCONbits   0x000fd1       data     extern C:\MCC18\src\traditional\proc\p18F452.asm
                     WREG   0x000fe8       data     extern C:\MCC18\src\traditional\proc\p18F452.asm
                   W_temp   0x00009e       data     extern T:\00000000\Cooler\encoder\enc_template.c
                __FPFLAGS   0x000005       data     extern C:\MCC18\src\traditional\math\cmath18.asm
            __FPFLAGSbits   0x000005       data     extern C:\MCC18\src\traditional\math\cmath18.asm
                  __tmp_0   0x000000       data     static T:\00000000\Cooler\encoder\enc_template.c
                  __tmp_0   0x000000       data     static C:\MCC18\src\pmc_common\PWM\pw2setdc.c
                  __tmp_0   0x000000       data     static C:\MCC18\src\pmc_common\CMP\cm1open.c
                  __tmp_0   0x000000       data     static T:\00000000\Cooler\encoder\Delay.c
                _vXLCDreg   0x0000a6       data     extern T:\00000000\Cooler\encoder\xlcd.c
                  centena   0x0000a1       data     extern T:\00000000\Cooler\encoder\enc_template.c
                curr_byte   0x000097       data     static C:\MCC18\src\traditional\startup\c018i.c
               curr_entry   0x000099       data     static C:\MCC18\src\traditional\startup\c018i.c
                 data_ptr   0x00009b       data     static C:\MCC18\src\traditional\startup\c018i.c
                    decod   0x000082       data     extern T:\00000000\Cooler\encoder\enc_template.c
                   dezena   0x0000a2       data     extern T:\00000000\Cooler\encoder\enc_template.c
                  dutyPWM   0x000080       data     extern T:\00000000\Cooler\encoder\enc_template.c
        flag_atualiza_lcd   0x000092       data     extern T:\00000000\Cooler\encoder\enc_template.c
                   new_dt   0x0000a4       data     extern T:\00000000\Cooler\encoder\enc_template.c
                     prom   0x000094       data     static C:\MCC18\src\traditional\startup\c018i.c
                    rx_dt   0x000093       data     extern T:\00000000\Cooler\encoder\enc_template.c
                  unidade   0x0000a3       data     extern T:\00000000\Cooler\encoder\enc_template.c
           velocidade_rps   0x00008e       data     extern T:\00000000\Cooler\encoder\enc_template.c
                   voltas   0x00008c       data     extern T:\00000000\Cooler\encoder\enc_template.c



                              Symbols - Sorted by Address
                     Name    Address   Location    Storage File                     
                ---------  ---------  ---------  --------- ---------                
                   _entry   0x000000    program     extern C:\MCC18\src\traditional\startup\c018i.c
       ___return_lbl00000   0x000004    program     static                          
                   __init   0x000006    program     extern C:\MCC18\src\traditional\stdclib\__init.c
    vec_int_high_priority   0x000008    program     extern T:\00000000\Cooler\encoder\enc_template.c
       ___return_lbl00000   0x00000c    program     static                          
     vec_int_low_priority   0x000018    program     extern T:\00000000\Cooler\encoder\enc_template.c
       ___return_lbl00001   0x00001c    program     static                          
        ISR_High_Priority   0x000038    program     extern T:\00000000\Cooler\encoder\enc_template.c
           ___if_lbl00003   0x00004c    program     static                          
           ___if_lbl00004   0x00007c    program     static                          
       ___return_lbl00002   0x00007e    program     static                          
         ISR_Low_Priority   0x000080    program     extern T:\00000000\Cooler\encoder\enc_template.c
       ___return_lbl00005   0x0000a4    program     static                          
                 Converte   0x0000a6    program     extern T:\00000000\Cooler\encoder\enc_template.c
                     main   0x00016c    program     extern T:\00000000\Cooler\encoder\enc_template.c
               inicia_lcd   0x00035a    program     extern T:\00000000\Cooler\encoder\enc_template.c
          escreve_comando   0x0003a8    program     extern T:\00000000\Cooler\encoder\enc_template.c
       ___return_lbl00035   0x0003d6    program     static                          
             escreve_dado   0x0003de    program     extern T:\00000000\Cooler\encoder\enc_template.c
       ___return_lbl00036   0x00040e    program     static                          
                 XLCDInit   0x000416    program     extern T:\00000000\Cooler\encoder\xlcd.c
              XLCDCommand   0x0004c0    program     extern T:\00000000\Cooler\encoder\xlcd.c
                  XLCDPut   0x000516    program     extern T:\00000000\Cooler\encoder\xlcd.c
               XLCDIsBusy   0x000550    program     extern T:\00000000\Cooler\encoder\xlcd.c
              XLCDGetAddr   0x000584    program     extern T:\00000000\Cooler\encoder\xlcd.c
                  XLCDGet   0x0005ca    program     extern T:\00000000\Cooler\encoder\xlcd.c
         XLCDPutRomString   0x00060e    program     extern T:\00000000\Cooler\encoder\xlcd.c
         XLCDPutRamString   0x000654    program     extern T:\00000000\Cooler\encoder\xlcd.c
                _do_cinit   0x000696    program     extern C:\MCC18\src\traditional\startup\c018i.c
                     test   0x0006b0    program     static                          
                copy_loop   0x000708    program     static                          
            copy_one_byte   0x00070e    program     static                          
             done_copying   0x00071c    program     static                          
                     done   0x000732    program     static                          
       ___return_lbl00002   0x000732    program     static                          
                OpenUSART   0x000734    program     extern C:\MCC18\src\pmc_common\USART\uopen.c
                 OpenPWM2   0x0007ae    program     extern C:\MCC18\src\pmc_common\PWM\pw2open.c
         ___else_lbl00002   0x0007ea    program     static                          
           ___if_lbl00001   0x0007ee    program     static                          
         ___else_lbl00004   0x0007f8    program     static                          
           ___if_lbl00003   0x0007fa    program     static                          
       ___return_lbl00000   0x00080c    program     static                          
                SetDCPWM2   0x000824    program     extern C:\MCC18\src\pmc_common\PWM\pw2setdc.c
             OpenCompare1   0x000882    program     extern C:\MCC18\src\pmc_common\CMP\cm1open.c
                    Delay   0x0008d6    program     extern T:\00000000\Cooler\encoder\Delay.c
          ___for_lbl00003   0x0008e6    program     static                          
          ___for_lbl00001   0x000906    program     static                          
          ___for_lbl00002   0x000910    program     static                          
       ___return_lbl00000   0x000910    program     static                          
               OpenTimer1   0x000924    program     extern C:\MCC18\src\pmc_common\Timers\t1open.c
                ReadUSART   0x000966    program     extern C:\MCC18\src\pmc_common\USART\uread.c
              WriteTimer1   0x0009a4    program     extern C:\MCC18\src\pmc_common\Timers\t1write.c
              WriteTimer0   0x0009dc    program     extern C:\MCC18\src\pmc_common\Timers\t0write.c
               OpenTimer0   0x000a14    program     extern C:\MCC18\src\pmc_common\Timers\t0open.c
             Delay10KTCYx   0x000a4c    program     extern C:\MCC18\src\traditional\delays\d10ktcyx.asm
                    D10Kx   0x000a56    program     static C:\MCC18\src\traditional\delays\d10ktcyx.asm
                   D10K_1   0x000a58    program     static C:\MCC18\src\traditional\delays\d10ktcyx.asm
       _D10KTCYXCODE_0010   0x000a5c    program     static C:\MCC18\src\traditional\delays\d10ktcyx.asm
                    D10Kl   0x000a64    program     static C:\MCC18\src\traditional\delays\d10ktcyx.asm
       _D10KTCYXCODE_001C   0x000a68    program     static C:\MCC18\src\traditional\delays\d10ktcyx.asm
               WriteUSART   0x000a7a    program     extern C:\MCC18\src\pmc_common\USART\uwrite.c
              Delay1KTCYx   0x000aa8    program     extern C:\MCC18\src\traditional\delays\d1ktcyx.asm
                     D1Kx   0x000ab2    program     static C:\MCC18\src\traditional\delays\d1ktcyx.asm
                    D1K_1   0x000ab4    program     static C:\MCC18\src\traditional\delays\d1ktcyx.asm
        _D1KTCYXCODE_0010   0x000ab8    program     static C:\MCC18\src\traditional\delays\d1ktcyx.asm
        _D1KTCYXCODE_0016   0x000abe    program     static C:\MCC18\src\traditional\delays\d1ktcyx.asm
                 _startup   0x000ac8    program     extern C:\MCC18\src\traditional\startup\c018i.c
                     loop   0x000ad8    program     static                          
       ___return_lbl00001   0x000ae2    program     static                          
              Delay10TCYx   0x000ae4    program     extern C:\MCC18\src\traditional\delays\d10tcyx.asm
                     D10x   0x000aec    program     static C:\MCC18\src\traditional\delays\d10tcyx.asm
        _D10TCYXCODE_000A   0x000aee    program     static C:\MCC18\src\traditional\delays\d10tcyx.asm
        _D10TCYXCODE_000C   0x000af0    program     static C:\MCC18\src\traditional\delays\d10tcyx.asm
        _D10TCYXCODE_000E   0x000af2    program     static C:\MCC18\src\traditional\delays\d10tcyx.asm
                    D10_1   0x000af4    program     static C:\MCC18\src\traditional\delays\d10tcyx.asm
            __zero_memory   0x000afa    program     extern C:\MCC18\src\traditional\proc\p18F452.asm
               clear_loop   0x000b00    program     static C:\MCC18\src\traditional\proc\p18F452.asm
               __config_0   0x300001    program     static T:\00000000\Cooler\encoder\enc_template.c
               __config_1   0x300002    program     static T:\00000000\Cooler\encoder\enc_template.c
               __config_2   0x300003    program     static T:\00000000\Cooler\encoder\enc_template.c
               __config_3   0x300006    program     static T:\00000000\Cooler\encoder\enc_template.c
                  __tmp_0   0x000000       data     static T:\00000000\Cooler\encoder\enc_template.c
                  __tmp_0   0x000000       data     static C:\MCC18\src\pmc_common\PWM\pw2setdc.c
                  __tmp_0   0x000000       data     static C:\MCC18\src\pmc_common\CMP\cm1open.c
                  __tmp_0   0x000000       data     static T:\00000000\Cooler\encoder\Delay.c
                     SIGN   0x000004       data     extern C:\MCC18\src\traditional\math\cmath18.asm
                __FPFLAGS   0x000005       data     extern C:\MCC18\src\traditional\math\cmath18.asm
            __FPFLAGSbits   0x000005       data     extern C:\MCC18\src\traditional\math\cmath18.asm
            DelayCounter2   0x000006       data     extern C:\MCC18\src\traditional\delays\delayd2.asm
            DelayCounter1   0x000007       data     extern C:\MCC18\src\traditional\delays\delayd1.asm
                  dutyPWM   0x000080       data     extern T:\00000000\Cooler\encoder\enc_template.c
                    decod   0x000082       data     extern T:\00000000\Cooler\encoder\enc_template.c
                   voltas   0x00008c       data     extern T:\00000000\Cooler\encoder\enc_template.c
           velocidade_rps   0x00008e       data     extern T:\00000000\Cooler\encoder\enc_template.c
        flag_atualiza_lcd   0x000092       data     extern T:\00000000\Cooler\encoder\enc_template.c
                    rx_dt   0x000093       data     extern T:\00000000\Cooler\encoder\enc_template.c
                     prom   0x000094       data     static C:\MCC18\src\traditional\startup\c018i.c
                curr_byte   0x000097       data     static C:\MCC18\src\traditional\startup\c018i.c
               curr_entry   0x000099       data     static C:\MCC18\src\traditional\startup\c018i.c
                 data_ptr   0x00009b       data     static C:\MCC18\src\traditional\startup\c018i.c
                   W_temp   0x00009e       data     extern T:\00000000\Cooler\encoder\enc_template.c
                 BSR_temp   0x00009f       data     extern T:\00000000\Cooler\encoder\enc_template.c
              STATUS_temp   0x0000a0       data     extern T:\00000000\Cooler\encoder\enc_template.c
                  centena   0x0000a1       data     extern T:\00000000\Cooler\encoder\enc_template.c
                   dezena   0x0000a2       data     extern T:\00000000\Cooler\encoder\enc_template.c
                  unidade   0x0000a3       data     extern T:\00000000\Cooler\encoder\enc_template.c
                   new_dt   0x0000a4       data     extern T:\00000000\Cooler\encoder\enc_template.c
             USART_Status   0x0000a5       data     extern C:\MCC18\src\pmc_common\USART\udefs.c
                _vXLCDreg   0x0000a6       data     extern T:\00000000\Cooler\encoder\xlcd.c
                PORTAbits   0x000f80       data     extern C:\MCC18\src\traditional\proc\p18F452.asm
                    PORTA   0x000f80       data     extern C:\MCC18\src\traditional\proc\p18F452.asm
                    PORTB   0x000f81       data     extern C:\MCC18\src\traditional\proc\p18F452.asm
                PORTBbits   0x000f81       data     extern C:\MCC18\src\traditional\proc\p18F452.asm
                    PORTC   0x000f82       data     extern C:\MCC18\src\traditional\proc\p18F452.asm
                PORTCbits   0x000f82       data     extern C:\MCC18\src\traditional\proc\p18F452.asm
                PORTDbits   0x000f83       data     extern C:\MCC18\src\traditional\proc\p18F452.asm
                    PORTD   0x000f83       data     extern C:\MCC18\src\traditional\proc\p18F452.asm
                    PORTE   0x000f84       data     extern C:\MCC18\src\traditional\proc\p18F452.asm
                PORTEbits   0x000f84       data     extern C:\MCC18\src\traditional\proc\p18F452.asm
                 LATAbits   0x000f89       data     extern C:\MCC18\src\traditional\proc\p18F452.asm
                     LATA   0x000f89       data     extern C:\MCC18\src\traditional\proc\p18F452.asm
                 LATBbits   0x000f8a       data     extern C:\MCC18\src\traditional\proc\p18F452.asm
                     LATB   0x000f8a       data     extern C:\MCC18\src\traditional\proc\p18F452.asm
                 LATCbits   0x000f8b       data     extern C:\MCC18\src\traditional\proc\p18F452.asm
                     LATC   0x000f8b       data     extern C:\MCC18\src\traditional\proc\p18F452.asm
                 LATDbits   0x000f8c       data     extern C:\MCC18\src\traditional\proc\p18F452.asm
                     LATD   0x000f8c       data     extern C:\MCC18\src\traditional\proc\p18F452.asm
                     LATE   0x000f8d       data     extern C:\MCC18\src\traditional\proc\p18F452.asm
                 LATEbits   0x000f8d       data     extern C:\MCC18\src\traditional\proc\p18F452.asm
                     DDRA   0x000f92       data     extern C:\MCC18\src\traditional\proc\p18F452.asm
                 DDRAbits   0x000f92       data     extern C:\MCC18\src\traditional\proc\p18F452.asm
                TRISAbits   0x000f92       data     extern C:\MCC18\src\traditional\proc\p18F452.asm
                    TRISA   0x000f92       data     extern C:\MCC18\src\traditional\proc\p18F452.asm
                     DDRB   0x000f93       data     extern C:\MCC18\src\traditional\proc\p18F452.asm
                 DDRBbits   0x000f93       data     extern C:\MCC18\src\traditional\proc\p18F452.asm
                    TRISB   0x000f93       data     extern C:\MCC18\src\traditional\proc\p18F452.asm
                TRISBbits   0x000f93       data     extern C:\MCC18\src\traditional\proc\p18F452.asm
                     DDRC   0x000f94       data     extern C:\MCC18\src\traditional\proc\p18F452.asm
                    TRISC   0x000f94       data     extern C:\MCC18\src\traditional\proc\p18F452.asm
                TRISCbits   0x000f94       data     extern C:\MCC18\src\traditional\proc\p18F452.asm
                 DDRCbits   0x000f94       data     extern C:\MCC18\src\traditional\proc\p18F452.asm
                TRISDbits   0x000f95       data     extern C:\MCC18\src\traditional\proc\p18F452.asm
                    TRISD   0x000f95       data     extern C:\MCC18\src\traditional\proc\p18F452.asm
                 DDRDbits   0x000f95       data     extern C:\MCC18\src\traditional\proc\p18F452.asm
                     DDRD   0x000f95       data     extern C:\MCC18\src\traditional\proc\p18F452.asm
                 DDREbits   0x000f96       data     extern C:\MCC18\src\traditional\proc\p18F452.asm
                     DDRE   0x000f96       data     extern C:\MCC18\src\traditional\proc\p18F452.asm
                TRISEbits   0x000f96       data     extern C:\MCC18\src\traditional\proc\p18F452.asm
                    TRISE   0x000f96       data     extern C:\MCC18\src\traditional\proc\p18F452.asm
                     PIE1   0x000f9d       data     extern C:\MCC18\src\traditional\proc\p18F452.asm
                 PIE1bits   0x000f9d       data     extern C:\MCC18\src\traditional\proc\p18F452.asm
                 PIR1bits   0x000f9e       data     extern C:\MCC18\src\traditional\proc\p18F452.asm
                     PIR1   0x000f9e       data     extern C:\MCC18\src\traditional\proc\p18F452.asm
                 IPR1bits   0x000f9f       data     extern C:\MCC18\src\traditional\proc\p18F452.asm
                     IPR1   0x000f9f       data     extern C:\MCC18\src\traditional\proc\p18F452.asm
                     PIE2   0x000fa0       data     extern C:\MCC18\src\traditional\proc\p18F452.asm
                 PIE2bits   0x000fa0       data     extern C:\MCC18\src\traditional\proc\p18F452.asm
                     PIR2   0x000fa1       data     extern C:\MCC18\src\traditional\proc\p18F452.asm
                 PIR2bits   0x000fa1       data     extern C:\MCC18\src\traditional\proc\p18F452.asm
                 IPR2bits   0x000fa2       data     extern C:\MCC18\src\traditional\proc\p18F452.asm
                     IPR2   0x000fa2       data     extern C:\MCC18\src\traditional\proc\p18F452.asm
               EECON1bits   0x000fa6       data     extern C:\MCC18\src\traditional\proc\p18F452.asm
                   EECON1   0x000fa6       data     extern C:\MCC18\src\traditional\proc\p18F452.asm
                   EECON2   0x000fa7       data     extern C:\MCC18\src\traditional\proc\p18F452.asm
                   EEDATA   0x000fa8       data     extern C:\MCC18\src\traditional\proc\p18F452.asm
                    EEADR   0x000fa9       data     extern C:\MCC18\src\traditional\proc\p18F452.asm
                RCSTAbits   0x000fab       data     extern C:\MCC18\src\traditional\proc\p18F452.asm
                    RCSTA   0x000fab       data     extern C:\MCC18\src\traditional\proc\p18F452.asm
                TXSTAbits   0x000fac       data     extern C:\MCC18\src\traditional\proc\p18F452.asm
                    TXSTA   0x000fac       data     extern C:\MCC18\src\traditional\proc\p18F452.asm
                    TXREG   0x000fad       data     extern C:\MCC18\src\traditional\proc\p18F452.asm
                    RCREG   0x000fae       data     extern C:\MCC18\src\traditional\proc\p18F452.asm
                    SPBRG   0x000faf       data     extern C:\MCC18\src\traditional\proc\p18F452.asm
                    T3CON   0x000fb1       data     extern C:\MCC18\src\traditional\proc\p18F452.asm
                T3CONbits   0x000fb1       data     extern C:\MCC18\src\traditional\proc\p18F452.asm
                    TMR3L   0x000fb2       data     extern C:\MCC18\src\traditional\proc\p18F452.asm
                    TMR3H   0x000fb3       data     extern C:\MCC18\src\traditional\proc\p18F452.asm
              CCP2CONbits   0x000fba       data     extern C:\MCC18\src\traditional\proc\p18F452.asm
                  CCP2CON   0x000fba       data     extern C:\MCC18\src\traditional\proc\p18F452.asm
                   CCPR2L   0x000fbb       data     extern C:\MCC18\src\traditional\proc\p18F452.asm
                    CCPR2   0x000fbb       data     extern C:\MCC18\src\traditional\proc\p18F452.asm
                   CCPR2H   0x000fbc       data     extern C:\MCC18\src\traditional\proc\p18F452.asm
                  CCP1CON   0x000fbd       data     extern C:\MCC18\src\traditional\proc\p18F452.asm
              CCP1CONbits   0x000fbd       data     extern C:\MCC18\src\traditional\proc\p18F452.asm
                    CCPR1   0x000fbe       data     extern C:\MCC18\src\traditional\proc\p18F452.asm
                   CCPR1L   0x000fbe       data     extern C:\MCC18\src\traditional\proc\p18F452.asm
                   CCPR1H   0x000fbf       data     extern C:\MCC18\src\traditional\proc\p18F452.asm
               ADCON1bits   0x000fc1       data     extern C:\MCC18\src\traditional\proc\p18F452.asm
                   ADCON1   0x000fc1       data     extern C:\MCC18\src\traditional\proc\p18F452.asm
                   ADCON0   0x000fc2       data     extern C:\MCC18\src\traditional\proc\p18F452.asm
               ADCON0bits   0x000fc2       data     extern C:\MCC18\src\traditional\proc\p18F452.asm
                   ADRESL   0x000fc3       data     extern C:\MCC18\src\traditional\proc\p18F452.asm
                    ADRES   0x000fc3       data     extern C:\MCC18\src\traditional\proc\p18F452.asm
                   ADRESH   0x000fc4       data     extern C:\MCC18\src\traditional\proc\p18F452.asm
              SSPCON2bits   0x000fc5       data     extern C:\MCC18\src\traditional\proc\p18F452.asm
                  SSPCON2   0x000fc5       data     extern C:\MCC18\src\traditional\proc\p18F452.asm
              SSPCON1bits   0x000fc6       data     extern C:\MCC18\src\traditional\proc\p18F452.asm
                  SSPCON1   0x000fc6       data     extern C:\MCC18\src\traditional\proc\p18F452.asm
              SSPSTATbits   0x000fc7       data     extern C:\MCC18\src\traditional\proc\p18F452.asm
                  SSPSTAT   0x000fc7       data     extern C:\MCC18\src\traditional\proc\p18F452.asm
                   SSPADD   0x000fc8       data     extern C:\MCC18\src\traditional\proc\p18F452.asm
                   SSPBUF   0x000fc9       data     extern C:\MCC18\src\traditional\proc\p18F452.asm
                T2CONbits   0x000fca       data     extern C:\MCC18\src\traditional\proc\p18F452.asm
                    T2CON   0x000fca       data     extern C:\MCC18\src\traditional\proc\p18F452.asm
                      PR2   0x000fcb       data     extern C:\MCC18\src\traditional\proc\p18F452.asm
                     TMR2   0x000fcc       data     extern C:\MCC18\src\traditional\proc\p18F452.asm
                T1CONbits   0x000fcd       data     extern C:\MCC18\src\traditional\proc\p18F452.asm
                    T1CON   0x000fcd       data     extern C:\MCC18\src\traditional\proc\p18F452.asm
                    TMR1L   0x000fce       data     extern C:\MCC18\src\traditional\proc\p18F452.asm
                    TMR1H   0x000fcf       data     extern C:\MCC18\src\traditional\proc\p18F452.asm
                 RCONbits   0x000fd0       data     extern C:\MCC18\src\traditional\proc\p18F452.asm
                     RCON   0x000fd0       data     extern C:\MCC18\src\traditional\proc\p18F452.asm
               WDTCONbits   0x000fd1       data     extern C:\MCC18\src\traditional\proc\p18F452.asm
                   WDTCON   0x000fd1       data     extern C:\MCC18\src\traditional\proc\p18F452.asm
                   LVDCON   0x000fd2       data     extern C:\MCC18\src\traditional\proc\p18F452.asm
               LVDCONbits   0x000fd2       data     extern C:\MCC18\src\traditional\proc\p18F452.asm
               OSCCONbits   0x000fd3       data     extern C:\MCC18\src\traditional\proc\p18F452.asm
                   OSCCON   0x000fd3       data     extern C:\MCC18\src\traditional\proc\p18F452.asm
                T0CONbits   0x000fd5       data     extern C:\MCC18\src\traditional\proc\p18F452.asm
                    T0CON   0x000fd5       data     extern C:\MCC18\src\traditional\proc\p18F452.asm
                    TMR0L   0x000fd6       data     extern C:\MCC18\src\traditional\proc\p18F452.asm
                    TMR0H   0x000fd7       data     extern C:\MCC18\src\traditional\proc\p18F452.asm
               STATUSbits   0x000fd8       data     extern C:\MCC18\src\traditional\proc\p18F452.asm
                   STATUS   0x000fd8       data     extern C:\MCC18\src\traditional\proc\p18F452.asm
                     FSR2   0x000fd9       data     extern C:\MCC18\src\traditional\proc\p18F452.asm
                    FSR2L   0x000fd9       data     extern C:\MCC18\src\traditional\proc\p18F452.asm
                    FSR2H   0x000fda       data     extern C:\MCC18\src\traditional\proc\p18F452.asm
                   PLUSW2   0x000fdb       data     extern C:\MCC18\src\traditional\proc\p18F452.asm
                  PREINC2   0x000fdc       data     extern C:\MCC18\src\traditional\proc\p18F452.asm
                 POSTDEC2   0x000fdd       data     extern C:\MCC18\src\traditional\proc\p18F452.asm
                 POSTINC2   0x000fde       data     extern C:\MCC18\src\traditional\proc\p18F452.asm
                    INDF2   0x000fdf       data     extern C:\MCC18\src\traditional\proc\p18F452.asm
                      BSR   0x000fe0       data     extern C:\MCC18\src\traditional\proc\p18F452.asm
                     FSR1   0x000fe1       data     extern C:\MCC18\src\traditional\proc\p18F452.asm
                    FSR1L   0x000fe1       data     extern C:\MCC18\src\traditional\proc\p18F452.asm
                    FSR1H   0x000fe2       data     extern C:\MCC18\src\traditional\proc\p18F452.asm
                   PLUSW1   0x000fe3       data     extern C:\MCC18\src\traditional\proc\p18F452.asm
                  PREINC1   0x000fe4       data     extern C:\MCC18\src\traditional\proc\p18F452.asm
                 POSTDEC1   0x000fe5       data     extern C:\MCC18\src\traditional\proc\p18F452.asm
                 POSTINC1   0x000fe6       data     extern C:\MCC18\src\traditional\proc\p18F452.asm
                    INDF1   0x000fe7       data     extern C:\MCC18\src\traditional\proc\p18F452.asm
                     WREG   0x000fe8       data     extern C:\MCC18\src\traditional\proc\p18F452.asm
                        W   0x000fe8       data     extern C:\MCC18\src\traditional\proc\p18F452.asm
                     FSR0   0x000fe9       data     extern C:\MCC18\src\traditional\proc\p18F452.asm
                    FSR0L   0x000fe9       data     extern C:\MCC18\src\traditional\proc\p18F452.asm
                    FSR0H   0x000fea       data     extern C:\MCC18\src\traditional\proc\p18F452.asm
                   PLUSW0   0x000feb       data     extern C:\MCC18\src\traditional\proc\p18F452.asm
                  PREINC0   0x000fec       data     extern C:\MCC18\src\traditional\proc\p18F452.asm
                 POSTDEC0   0x000fed       data     extern C:\MCC18\src\traditional\proc\p18F452.asm
                 POSTINC0   0x000fee       data     extern C:\MCC18\src\traditional\proc\p18F452.asm
                    INDF0   0x000fef       data     extern C:\MCC18\src\traditional\proc\p18F452.asm
              INTCON3bits   0x000ff0       data     extern C:\MCC18\src\traditional\proc\p18F452.asm
                  INTCON3   0x000ff0       data     extern C:\MCC18\src\traditional\proc\p18F452.asm
              INTCON2bits   0x000ff1       data     extern C:\MCC18\src\traditional\proc\p18F452.asm
                  INTCON2   0x000ff1       data     extern C:\MCC18\src\traditional\proc\p18F452.asm
               INTCONbits   0x000ff2       data     extern C:\MCC18\src\traditional\proc\p18F452.asm
                   INTCON   0x000ff2       data     extern C:\MCC18\src\traditional\proc\p18F452.asm
                     PROD   0x000ff3       data     extern C:\MCC18\src\traditional\proc\p18F452.asm
                    PRODL   0x000ff3       data     extern C:\MCC18\src\traditional\proc\p18F452.asm
                    PRODH   0x000ff4       data     extern C:\MCC18\src\traditional\proc\p18F452.asm
                   TABLAT   0x000ff5       data     extern C:\MCC18\src\traditional\proc\p18F452.asm
                  TBLPTRL   0x000ff6       data     extern C:\MCC18\src\traditional\proc\p18F452.asm
                   TBLPTR   0x000ff6       data     extern C:\MCC18\src\traditional\proc\p18F452.asm
                  TBLPTRH   0x000ff7       data     extern C:\MCC18\src\traditional\proc\p18F452.asm
                  TBLPTRU   0x000ff8       data     extern C:\MCC18\src\traditional\proc\p18F452.asm
                       PC   0x000ff9       data     extern C:\MCC18\src\traditional\proc\p18F452.asm
                      PCL   0x000ff9       data     extern C:\MCC18\src\traditional\proc\p18F452.asm
                   PCLATH   0x000ffa       data     extern C:\MCC18\src\traditional\proc\p18F452.asm
                   PCLATU   0x000ffb       data     extern C:\MCC18\src\traditional\proc\p18F452.asm
               STKPTRbits   0x000ffc       data     extern C:\MCC18\src\traditional\proc\p18F452.asm
                   STKPTR   0x000ffc       data     extern C:\MCC18\src\traditional\proc\p18F452.asm
                     TOSL   0x000ffd       data     extern C:\MCC18\src\traditional\proc\p18F452.asm
                      TOS   0x000ffd       data     extern C:\MCC18\src\traditional\proc\p18F452.asm
                     TOSH   0x000ffe       data     extern C:\MCC18\src\traditional\proc\p18F452.asm
                     TOSU   0x000fff       data     extern C:\MCC18\src\traditional\proc\p18F452.asm


