MPLINK 5.00, LINKER
Linker Map File - Created Tue Oct 21 22:08:30 2014

                                 Section Info
                  Section       Type    Address   Location Size(Bytes)
                ---------  ---------  ---------  ---------  ---------
               _entry_scn       code   0x000000    program   0x000006
           .code___init.o       code   0x000006    program   0x000002
    vec_int_high_priority       code   0x000008    program   0x000006
                   .cinit    romdata   0x00000e    program   0x00000e
             .code_main.o       code   0x00001c    program   0x0007fe
                     PROG       code   0x00081a    program   0x0003f6
               _cinit_scn       code   0x000c10    program   0x00009e
            .code_uopen.o       code   0x000cae    program   0x00008a
          .code_adcopen.o       code   0x000d38    program   0x00006e
         .code_pw1setdc.o       code   0x000da6    program   0x00005e
            .code_uputs.o       code   0x000e04    program   0x00004c
           .code_t0open.o       code   0x000e50    program   0x000038
          .code_pw1open.o       code   0x000e88    program   0x000030
             D10KTCYXCODE       code   0x000eb8    program   0x00002e
           .code_uwrite.o       code   0x000ee6    program   0x00002e
                    .code       code   0x000f14    program   0x000020
             _startup_scn       code   0x000f34    program   0x00001c
              D10TCYXCODE       code   0x000f50    program   0x000016
          .code_adcread.o       code   0x000f66    program   0x000012
          .code_adcbusy.o       code   0x000f78    program   0x00000a
          .code_adcconv.o       code   0x000f82    program   0x000004
         .romdata_udefs.o    romdata   0x000f86    program   0x000000
         .idata_uopen.o_i    romdata   0x000f86    program   0x000000
         .romdata_uopen.o    romdata   0x000f86    program   0x000000
         .idata_udefs.o_i    romdata   0x000f86    program   0x000000
       .romdata_adcread.o    romdata   0x000f86    program   0x000000
      .idata_pw1setdc.o_i    romdata   0x000f86    program   0x000000
      .romdata_pw1setdc.o    romdata   0x000f86    program   0x000000
        .romdata_uwrite.o    romdata   0x000f86    program   0x000000
        .romdata___init.o    romdata   0x000f86    program   0x000000
        .idata_uwrite.o_i    romdata   0x000f86    program   0x000000
         .idata_uputs.o_i    romdata   0x000f86    program   0x000000
         .romdata_uputs.o    romdata   0x000f86    program   0x000000
        .romdata_t0open.o    romdata   0x000f86    program   0x000000
        .idata_t0open.o_i    romdata   0x000f86    program   0x000000
       .romdata_pw1open.o    romdata   0x000f86    program   0x000000
       .idata_pw1open.o_i    romdata   0x000f86    program   0x000000
       .romdata_adcopen.o    romdata   0x000f86    program   0x000000
       .romdata_adcconv.o    romdata   0x000f86    program   0x000000
         .romdata_c018i.o    romdata   0x000f86    program   0x000000
       .romdata_adcbusy.o    romdata   0x000f86    program   0x000000
          .idata_main.o_i    romdata   0x000f86    program   0x00000e
          .romdata_main.o    romdata   0x000f86    program   0x000000
         .idata_c018i.o_i    romdata   0x000f94    program   0x000000
            .code_udefs.o       code   0x000f94    program   0x000000
            .code_c018i.o       code   0x000f94    program   0x000000
       .idata_adcbusy.o_i    romdata   0x000f94    program   0x000000
        .idata___init.o_i    romdata   0x000f94    program   0x000000
       .idata_adcconv.o_i    romdata   0x000f94    program   0x000000
       .idata_adcopen.o_i    romdata   0x000f94    program   0x000000
       .idata_adcread.o_i    romdata   0x000f94    program   0x000000
                   tabela    romdata   0x002000    program   0x000800
    .config_300001_main.o    romdata   0x300001    program   0x000001
    .config_300002_main.o    romdata   0x300002    program   0x000001
    .config_300003_main.o    romdata   0x300003    program   0x000001
    .config_300006_main.o    romdata   0x300006    program   0x000001
                 .tmpdata      udata   0x000000       data   0x00001c
                MATH_DATA      udata   0x00001c       data   0x000014
                DELAYDAT2      udata   0x000030       data   0x000001
                DELAYDAT1      udata   0x000031       data   0x000001
            .udata_main.o      udata   0x000080       data   0x00003f
            .idata_main.o      idata   0x0000bf       data   0x00000e
           .udata_c018i.o      udata   0x0000cd       data   0x00000a
           .udata_udefs.o      udata   0x0000d7       data   0x000001
           .idata_uopen.o      idata   0x0000d8       data   0x000000
         .udata_adcread.o      udata   0x0000d8       data   0x000000
         .idata_adcread.o      idata   0x0000d8       data   0x000000
        .udata_pw1setdc.o      udata   0x0000d8       data   0x000000
        .idata_pw1setdc.o      idata   0x0000d8       data   0x000000
          .udata___init.o      udata   0x0000d8       data   0x000000
          .idata___init.o      idata   0x0000d8       data   0x000000
           .udata_uputs.o      udata   0x0000d8       data   0x000000
           .idata_uputs.o      idata   0x0000d8       data   0x000000
          .udata_uwrite.o      udata   0x0000d8       data   0x000000
          .idata_uwrite.o      idata   0x0000d8       data   0x000000
           .idata_udefs.o      idata   0x0000d8       data   0x000000
           .udata_uopen.o      udata   0x0000d8       data   0x000000
          .idata_t0open.o      idata   0x0000d8       data   0x000000
          .udata_t0open.o      udata   0x0000d8       data   0x000000
         .idata_pw1open.o      idata   0x0000d8       data   0x000000
         .udata_pw1open.o      udata   0x0000d8       data   0x000000
         .idata_adcopen.o      idata   0x0000d8       data   0x000000
         .udata_adcopen.o      udata   0x0000d8       data   0x000000
         .idata_adcconv.o      idata   0x0000d8       data   0x000000
         .udata_adcconv.o      udata   0x0000d8       data   0x000000
         .idata_adcbusy.o      idata   0x0000d8       data   0x000000
         .udata_adcbusy.o      udata   0x0000d8       data   0x000000
           .idata_c018i.o      idata   0x0000d8       data   0x000000
                   .stack      udata   0x000500       data   0x000100
            SFR_UNBANKED0      udata   0x000f80       data   0x000080



                              Program Memory Usage 
                               Start         End      
                           ---------   ---------      
                            0x000000    0x000f93      
                            0x002000    0x0027ff      
                            0x300001    0x300003      
                            0x300006    0x300006      
            6040 out of 33048 program addresses used, program memory utilization is 18%



                              Symbols - Sorted by Name
                     Name    Address   Location    Storage File                     
                ---------  ---------  ---------  --------- ---------                
                  BusyADC   0x000f78    program     extern E:\3.46\pic18-lt\cxx-framework\src\pmc_common\ADC\adcbusy.c
               ConvertADC   0x000f82    program     extern E:\3.46\pic18-lt\cxx-framework\src\pmc_common\ADC\adcconv.c
                   D10K_1   0x000ec4    program     static E:\3.46\pic18-lt\cxx-framework\src\traditional\delays\d10ktcyx.asm
                    D10Kl   0x000ed0    program     static E:\3.46\pic18-lt\cxx-framework\src\traditional\delays\d10ktcyx.asm
                    D10Kx   0x000ec2    program     static E:\3.46\pic18-lt\cxx-framework\src\traditional\delays\d10ktcyx.asm
                    D10_1   0x000f60    program     static E:\3.46\pic18-lt\cxx-framework\src\traditional\delays\d10tcyx.asm
                     D10x   0x000f58    program     static E:\3.46\pic18-lt\cxx-framework\src\traditional\delays\d10tcyx.asm
             Delay10KTCYx   0x000eb8    program     extern E:\3.46\pic18-lt\cxx-framework\src\traditional\delays\d10ktcyx.asm
              Delay10TCYx   0x000f50    program     extern E:\3.46\pic18-lt\cxx-framework\src\traditional\delays\d10tcyx.asm
                 FLO1632S   0x00081e    program     extern E:\3.46\pic18-lt\cxx-framework\src\traditional\math\cast16FP.asm
                 FLO1632U   0x00081a    program     extern E:\3.46\pic18-lt\cxx-framework\src\traditional\math\cast16FP.asm
                    FPA32   0x000846    program     extern E:\3.46\pic18-lt\cxx-framework\src\traditional\math\addFP.asm
                    FPM32   0x000972    program     extern E:\3.46\pic18-lt\cxx-framework\src\traditional\math\mulFP.asm
                    FPS32   0x000844    program     extern E:\3.46\pic18-lt\cxx-framework\src\traditional\math\addFP.asm
                 FXM1616S   0x000a4c    program     extern E:\3.46\pic18-lt\cxx-framework\src\traditional\math\fxm1616s.asm
                  INT3216   0x000aa6    program     extern E:\3.46\pic18-lt\cxx-framework\src\traditional\math\castFP16.asm
        ISR_High_Priority   0x00001c    program     extern C:\Users\JUNIOR\Google Drive\Maua\Aplicada2-Pic\labintegrado2014\Firmware\controlador PI\main.c
                  OpenADC   0x000d38    program     extern E:\3.46\pic18-lt\cxx-framework\src\pmc_common\ADC\adcopen.c
                 OpenPWM1   0x000e88    program     extern E:\3.46\pic18-lt\cxx-framework\src\pmc_common\PWM\pw1open.c
         OpenPWM1ConfigIO   0x000eb4    program     extern E:\3.46\pic18-lt\cxx-framework\src\pmc_common\PWM\pw1open.c
               OpenTimer0   0x000e50    program     extern E:\3.46\pic18-lt\cxx-framework\src\pmc_common\Timers\t0open.c
                OpenUSART   0x000cae    program     extern E:\3.46\pic18-lt\cxx-framework\src\pmc_common\USART\uopen.c
                  ReadADC   0x000f66    program     extern E:\3.46\pic18-lt\cxx-framework\src\pmc_common\ADC\adcread.c
                SetDCPWM1   0x000da6    program     extern E:\3.46\pic18-lt\cxx-framework\src\pmc_common\PWM\pw1setdc.c
               TSIGN1616A   0x000a98    program     static E:\3.46\pic18-lt\cxx-framework\src\traditional\math\fxm1616s.asm
               WriteUSART   0x000ee6    program     extern E:\3.46\pic18-lt\cxx-framework\src\pmc_common\USART\uwrite.c
       _D10KTCYXCODE_0010   0x000ec8    program     static E:\3.46\pic18-lt\cxx-framework\src\traditional\delays\d10ktcyx.asm
       _D10KTCYXCODE_001C   0x000ed4    program     static E:\3.46\pic18-lt\cxx-framework\src\traditional\delays\d10ktcyx.asm
        _D10TCYXCODE_000A   0x000f5a    program     static E:\3.46\pic18-lt\cxx-framework\src\traditional\delays\d10tcyx.asm
        _D10TCYXCODE_000C   0x000f5c    program     static E:\3.46\pic18-lt\cxx-framework\src\traditional\delays\d10tcyx.asm
        _D10TCYXCODE_000E   0x000f5e    program     static E:\3.46\pic18-lt\cxx-framework\src\traditional\delays\d10tcyx.asm
                 __FpExit   0x000b10    program     extern E:\3.46\pic18-lt\cxx-framework\src\traditional\math\packFP.asm
                 __FpPack   0x000b3c    program     extern E:\3.46\pic18-lt\cxx-framework\src\traditional\math\packFP.asm
            __FpReturnNaN   0x000b04    program     extern E:\3.46\pic18-lt\cxx-framework\src\traditional\math\packFP.asm
         __FpReturnNegInf   0x000b16    program     extern E:\3.46\pic18-lt\cxx-framework\src\traditional\math\packFP.asm
        __FpReturnNegZero   0x000b2e    program     extern E:\3.46\pic18-lt\cxx-framework\src\traditional\math\packFP.asm
         __FpReturnPosInf   0x000b1c    program     extern E:\3.46\pic18-lt\cxx-framework\src\traditional\math\packFP.asm
        __FpReturnPosZero   0x000b36    program     extern E:\3.46\pic18-lt\cxx-framework\src\traditional\math\packFP.asm
        __FpReturnSignInf   0x000b12    program     extern E:\3.46\pic18-lt\cxx-framework\src\traditional\math\packFP.asm
       __FpReturnSignZero   0x000b2a    program     extern E:\3.46\pic18-lt\cxx-framework\src\traditional\math\packFP.asm
              __FpReturnW   0x000b94    program     extern E:\3.46\pic18-lt\cxx-framework\src\traditional\math\packFP.asm
              __FpUnPackA   0x000bb4    program     extern E:\3.46\pic18-lt\cxx-framework\src\traditional\math\UnpackFP.asm
              __FpUnPackB   0x000be4    program     extern E:\3.46\pic18-lt\cxx-framework\src\traditional\math\UnpackFP.asm
       ___return_lbl00000   0x00000c    program     static                          
       ___return_lbl00000   0x000004    program     static                          
       ___return_lbl00001   0x000f4e    program     static                          
       ___return_lbl00002   0x000cac    program     static                          
       ___return_lbl00025   0x000550    program     static                          
               __config_0   0x300001    program     static C:\Users\JUNIOR\Google Drive\Maua\Aplicada2-Pic\labintegrado2014\Firmware\controlador PI\main.c
               __config_1   0x300002    program     static C:\Users\JUNIOR\Google Drive\Maua\Aplicada2-Pic\labintegrado2014\Firmware\controlador PI\main.c
               __config_2   0x300003    program     static C:\Users\JUNIOR\Google Drive\Maua\Aplicada2-Pic\labintegrado2014\Firmware\controlador PI\main.c
               __config_3   0x300006    program     static C:\Users\JUNIOR\Google Drive\Maua\Aplicada2-Pic\labintegrado2014\Firmware\controlador PI\main.c
                   __init   0x000006    program     extern E:\3.46\pic18-lt\cxx-framework\src\traditional\stdclib\__init.c
            __zero_memory   0x000f14    program     extern E:\3.46\pic18-lt\cxx-framework\src\traditional\proc\p18f4520.asm
                _do_cinit   0x000c10    program     extern E:\3.46\pic18-lt\cxx-framework\src\traditional\startup\c018i.c
                   _entry   0x000000    program     extern E:\3.46\pic18-lt\cxx-framework\src\traditional\startup\c018i.c
                 _startup   0x000f34    program     extern E:\3.46\pic18-lt\cxx-framework\src\traditional\startup\c018i.c
                       a1   0x002002    program     extern C:\Users\JUNIOR\Google Drive\Maua\Aplicada2-Pic\labintegrado2014\Firmware\controlador PI\main.c
                      a10   0x002014    program     extern C:\Users\JUNIOR\Google Drive\Maua\Aplicada2-Pic\labintegrado2014\Firmware\controlador PI\main.c
                     a100   0x0020c8    program     extern C:\Users\JUNIOR\Google Drive\Maua\Aplicada2-Pic\labintegrado2014\Firmware\controlador PI\main.c
                    a1000   0x0027d0    program     extern C:\Users\JUNIOR\Google Drive\Maua\Aplicada2-Pic\labintegrado2014\Firmware\controlador PI\main.c
                    a1001   0x0027d2    program     extern C:\Users\JUNIOR\Google Drive\Maua\Aplicada2-Pic\labintegrado2014\Firmware\controlador PI\main.c
                    a1002   0x0027d4    program     extern C:\Users\JUNIOR\Google Drive\Maua\Aplicada2-Pic\labintegrado2014\Firmware\controlador PI\main.c
                    a1003   0x0027d6    program     extern C:\Users\JUNIOR\Google Drive\Maua\Aplicada2-Pic\labintegrado2014\Firmware\controlador PI\main.c
                    a1004   0x0027d8    program     extern C:\Users\JUNIOR\Google Drive\Maua\Aplicada2-Pic\labintegrado2014\Firmware\controlador PI\main.c
                    a1005   0x0027da    program     extern C:\Users\JUNIOR\Google Drive\Maua\Aplicada2-Pic\labintegrado2014\Firmware\controlador PI\main.c
                    a1006   0x0027dc    program     extern C:\Users\JUNIOR\Google Drive\Maua\Aplicada2-Pic\labintegrado2014\Firmware\controlador PI\main.c
                    a1007   0x0027de    program     extern C:\Users\JUNIOR\Google Drive\Maua\Aplicada2-Pic\labintegrado2014\Firmware\controlador PI\main.c
                    a1008   0x0027e0    program     extern C:\Users\JUNIOR\Google Drive\Maua\Aplicada2-Pic\labintegrado2014\Firmware\controlador PI\main.c
                    a1009   0x0027e2    program     extern C:\Users\JUNIOR\Google Drive\Maua\Aplicada2-Pic\labintegrado2014\Firmware\controlador PI\main.c
                     a101   0x0020ca    program     extern C:\Users\JUNIOR\Google Drive\Maua\Aplicada2-Pic\labintegrado2014\Firmware\controlador PI\main.c
                    a1010   0x0027e4    program     extern C:\Users\JUNIOR\Google Drive\Maua\Aplicada2-Pic\labintegrado2014\Firmware\controlador PI\main.c
                    a1011   0x0027e6    program     extern C:\Users\JUNIOR\Google Drive\Maua\Aplicada2-Pic\labintegrado2014\Firmware\controlador PI\main.c
                    a1012   0x0027e8    program     extern C:\Users\JUNIOR\Google Drive\Maua\Aplicada2-Pic\labintegrado2014\Firmware\controlador PI\main.c
                    a1013   0x0027ea    program     extern C:\Users\JUNIOR\Google Drive\Maua\Aplicada2-Pic\labintegrado2014\Firmware\controlador PI\main.c
                    a1014   0x0027ec    program     extern C:\Users\JUNIOR\Google Drive\Maua\Aplicada2-Pic\labintegrado2014\Firmware\controlador PI\main.c
                    a1015   0x0027ee    program     extern C:\Users\JUNIOR\Google Drive\Maua\Aplicada2-Pic\labintegrado2014\Firmware\controlador PI\main.c
                    a1016   0x0027f0    program     extern C:\Users\JUNIOR\Google Drive\Maua\Aplicada2-Pic\labintegrado2014\Firmware\controlador PI\main.c
                    a1017   0x0027f2    program     extern C:\Users\JUNIOR\Google Drive\Maua\Aplicada2-Pic\labintegrado2014\Firmware\controlador PI\main.c
                    a1018   0x0027f4    program     extern C:\Users\JUNIOR\Google Drive\Maua\Aplicada2-Pic\labintegrado2014\Firmware\controlador PI\main.c
                    a1019   0x0027f6    program     extern C:\Users\JUNIOR\Google Drive\Maua\Aplicada2-Pic\labintegrado2014\Firmware\controlador PI\main.c
                     a102   0x0020cc    program     extern C:\Users\JUNIOR\Google Drive\Maua\Aplicada2-Pic\labintegrado2014\Firmware\controlador PI\main.c
                    a1020   0x0027f8    program     extern C:\Users\JUNIOR\Google Drive\Maua\Aplicada2-Pic\labintegrado2014\Firmware\controlador PI\main.c
                    a1021   0x0027fa    program     extern C:\Users\JUNIOR\Google Drive\Maua\Aplicada2-Pic\labintegrado2014\Firmware\controlador PI\main.c
                    a1022   0x0027fc    program     extern C:\Users\JUNIOR\Google Drive\Maua\Aplicada2-Pic\labintegrado2014\Firmware\controlador PI\main.c
                    a1023   0x0027fe    program     extern C:\Users\JUNIOR\Google Drive\Maua\Aplicada2-Pic\labintegrado2014\Firmware\controlador PI\main.c
                     a103   0x0020ce    program     extern C:\Users\JUNIOR\Google Drive\Maua\Aplicada2-Pic\labintegrado2014\Firmware\controlador PI\main.c
                     a104   0x0020d0    program     extern C:\Users\JUNIOR\Google Drive\Maua\Aplicada2-Pic\labintegrado2014\Firmware\controlador PI\main.c
                     a105   0x0020d2    program     extern C:\Users\JUNIOR\Google Drive\Maua\Aplicada2-Pic\labintegrado2014\Firmware\controlador PI\main.c
                     a106   0x0020d4    program     extern C:\Users\JUNIOR\Google Drive\Maua\Aplicada2-Pic\labintegrado2014\Firmware\controlador PI\main.c
                     a107   0x0020d6    program     extern C:\Users\JUNIOR\Google Drive\Maua\Aplicada2-Pic\labintegrado2014\Firmware\controlador PI\main.c
                     a108   0x0020d8    program     extern C:\Users\JUNIOR\Google Drive\Maua\Aplicada2-Pic\labintegrado2014\Firmware\controlador PI\main.c
                     a109   0x0020da    program     extern C:\Users\JUNIOR\Google Drive\Maua\Aplicada2-Pic\labintegrado2014\Firmware\controlador PI\main.c
                      a11   0x002016    program     extern C:\Users\JUNIOR\Google Drive\Maua\Aplicada2-Pic\labintegrado2014\Firmware\controlador PI\main.c
                     a110   0x0020dc    program     extern C:\Users\JUNIOR\Google Drive\Maua\Aplicada2-Pic\labintegrado2014\Firmware\controlador PI\main.c
                     a111   0x0020de    program     extern C:\Users\JUNIOR\Google Drive\Maua\Aplicada2-Pic\labintegrado2014\Firmware\controlador PI\main.c
                     a112   0x0020e0    program     extern C:\Users\JUNIOR\Google Drive\Maua\Aplicada2-Pic\labintegrado2014\Firmware\controlador PI\main.c
                     a113   0x0020e2    program     extern C:\Users\JUNIOR\Google Drive\Maua\Aplicada2-Pic\labintegrado2014\Firmware\controlador PI\main.c
                     a114   0x0020e4    program     extern C:\Users\JUNIOR\Google Drive\Maua\Aplicada2-Pic\labintegrado2014\Firmware\controlador PI\main.c
                     a115   0x0020e6    program     extern C:\Users\JUNIOR\Google Drive\Maua\Aplicada2-Pic\labintegrado2014\Firmware\controlador PI\main.c
                     a116   0x0020e8    program     extern C:\Users\JUNIOR\Google Drive\Maua\Aplicada2-Pic\labintegrado2014\Firmware\controlador PI\main.c
                     a117   0x0020ea    program     extern C:\Users\JUNIOR\Google Drive\Maua\Aplicada2-Pic\labintegrado2014\Firmware\controlador PI\main.c
                     a118   0x0020ec    program     extern C:\Users\JUNIOR\Google Drive\Maua\Aplicada2-Pic\labintegrado2014\Firmware\controlador PI\main.c
                     a119   0x0020ee    program     extern C:\Users\JUNIOR\Google Drive\Maua\Aplicada2-Pic\labintegrado2014\Firmware\controlador PI\main.c
                      a12   0x002018    program     extern C:\Users\JUNIOR\Google Drive\Maua\Aplicada2-Pic\labintegrado2014\Firmware\controlador PI\main.c
                     a120   0x0020f0    program     extern C:\Users\JUNIOR\Google Drive\Maua\Aplicada2-Pic\labintegrado2014\Firmware\controlador PI\main.c
                     a121   0x0020f2    program     extern C:\Users\JUNIOR\Google Drive\Maua\Aplicada2-Pic\labintegrado2014\Firmware\controlador PI\main.c
                     a122   0x0020f4    program     extern C:\Users\JUNIOR\Google Drive\Maua\Aplicada2-Pic\labintegrado2014\Firmware\controlador PI\main.c
                     a123   0x0020f6    program     extern C:\Users\JUNIOR\Google Drive\Maua\Aplicada2-Pic\labintegrado2014\Firmware\controlador PI\main.c
                     a124   0x0020f8    program     extern C:\Users\JUNIOR\Google Drive\Maua\Aplicada2-Pic\labintegrado2014\Firmware\controlador PI\main.c
                     a125   0x0020fa    program     extern C:\Users\JUNIOR\Google Drive\Maua\Aplicada2-Pic\labintegrado2014\Firmware\controlador PI\main.c
                     a126   0x0020fc    program     extern C:\Users\JUNIOR\Google Drive\Maua\Aplicada2-Pic\labintegrado2014\Firmware\controlador PI\main.c
                     a127   0x0020fe    program     extern C:\Users\JUNIOR\Google Drive\Maua\Aplicada2-Pic\labintegrado2014\Firmware\controlador PI\main.c
                     a128   0x002100    program     extern C:\Users\JUNIOR\Google Drive\Maua\Aplicada2-Pic\labintegrado2014\Firmware\controlador PI\main.c
                     a129   0x002102    program     extern C:\Users\JUNIOR\Google Drive\Maua\Aplicada2-Pic\labintegrado2014\Firmware\controlador PI\main.c
                      a13   0x00201a    program     extern C:\Users\JUNIOR\Google Drive\Maua\Aplicada2-Pic\labintegrado2014\Firmware\controlador PI\main.c
                     a130   0x002104    program     extern C:\Users\JUNIOR\Google Drive\Maua\Aplicada2-Pic\labintegrado2014\Firmware\controlador PI\main.c
                     a131   0x002106    program     extern C:\Users\JUNIOR\Google Drive\Maua\Aplicada2-Pic\labintegrado2014\Firmware\controlador PI\main.c
                     a132   0x002108    program     extern C:\Users\JUNIOR\Google Drive\Maua\Aplicada2-Pic\labintegrado2014\Firmware\controlador PI\main.c
                     a133   0x00210a    program     extern C:\Users\JUNIOR\Google Drive\Maua\Aplicada2-Pic\labintegrado2014\Firmware\controlador PI\main.c
                     a134   0x00210c    program     extern C:\Users\JUNIOR\Google Drive\Maua\Aplicada2-Pic\labintegrado2014\Firmware\controlador PI\main.c
                     a135   0x00210e    program     extern C:\Users\JUNIOR\Google Drive\Maua\Aplicada2-Pic\labintegrado2014\Firmware\controlador PI\main.c
                     a136   0x002110    program     extern C:\Users\JUNIOR\Google Drive\Maua\Aplicada2-Pic\labintegrado2014\Firmware\controlador PI\main.c
                     a137   0x002112    program     extern C:\Users\JUNIOR\Google Drive\Maua\Aplicada2-Pic\labintegrado2014\Firmware\controlador PI\main.c
                     a138   0x002114    program     extern C:\Users\JUNIOR\Google Drive\Maua\Aplicada2-Pic\labintegrado2014\Firmware\controlador PI\main.c
                     a139   0x002116    program     extern C:\Users\JUNIOR\Google Drive\Maua\Aplicada2-Pic\labintegrado2014\Firmware\controlador PI\main.c
                      a14   0x00201c    program     extern C:\Users\JUNIOR\Google Drive\Maua\Aplicada2-Pic\labintegrado2014\Firmware\controlador PI\main.c
                     a140   0x002118    program     extern C:\Users\JUNIOR\Google Drive\Maua\Aplicada2-Pic\labintegrado2014\Firmware\controlador PI\main.c
                     a141   0x00211a    program     extern C:\Users\JUNIOR\Google Drive\Maua\Aplicada2-Pic\labintegrado2014\Firmware\controlador PI\main.c
                     a142   0x00211c    program     extern C:\Users\JUNIOR\Google Drive\Maua\Aplicada2-Pic\labintegrado2014\Firmware\controlador PI\main.c
                     a143   0x00211e    program     extern C:\Users\JUNIOR\Google Drive\Maua\Aplicada2-Pic\labintegrado2014\Firmware\controlador PI\main.c
                     a144   0x002120    program     extern C:\Users\JUNIOR\Google Drive\Maua\Aplicada2-Pic\labintegrado2014\Firmware\controlador PI\main.c
                     a145   0x002122    program     extern C:\Users\JUNIOR\Google Drive\Maua\Aplicada2-Pic\labintegrado2014\Firmware\controlador PI\main.c
                     a146   0x002124    program     extern C:\Users\JUNIOR\Google Drive\Maua\Aplicada2-Pic\labintegrado2014\Firmware\controlador PI\main.c
                     a147   0x002126    program     extern C:\Users\JUNIOR\Google Drive\Maua\Aplicada2-Pic\labintegrado2014\Firmware\controlador PI\main.c
                     a148   0x002128    program     extern C:\Users\JUNIOR\Google Drive\Maua\Aplicada2-Pic\labintegrado2014\Firmware\controlador PI\main.c
                     a149   0x00212a    program     extern C:\Users\JUNIOR\Google Drive\Maua\Aplicada2-Pic\labintegrado2014\Firmware\controlador PI\main.c
                      a15   0x00201e    program     extern C:\Users\JUNIOR\Google Drive\Maua\Aplicada2-Pic\labintegrado2014\Firmware\controlador PI\main.c
                     a150   0x00212c    program     extern C:\Users\JUNIOR\Google Drive\Maua\Aplicada2-Pic\labintegrado2014\Firmware\controlador PI\main.c
                     a151   0x00212e    program     extern C:\Users\JUNIOR\Google Drive\Maua\Aplicada2-Pic\labintegrado2014\Firmware\controlador PI\main.c
                     a152   0x002130    program     extern C:\Users\JUNIOR\Google Drive\Maua\Aplicada2-Pic\labintegrado2014\Firmware\controlador PI\main.c
                     a153   0x002132    program     extern C:\Users\JUNIOR\Google Drive\Maua\Aplicada2-Pic\labintegrado2014\Firmware\controlador PI\main.c
                     a154   0x002134    program     extern C:\Users\JUNIOR\Google Drive\Maua\Aplicada2-Pic\labintegrado2014\Firmware\controlador PI\main.c
                     a155   0x002136    program     extern C:\Users\JUNIOR\Google Drive\Maua\Aplicada2-Pic\labintegrado2014\Firmware\controlador PI\main.c
                     a156   0x002138    program     extern C:\Users\JUNIOR\Google Drive\Maua\Aplicada2-Pic\labintegrado2014\Firmware\controlador PI\main.c
                     a157   0x00213a    program     extern C:\Users\JUNIOR\Google Drive\Maua\Aplicada2-Pic\labintegrado2014\Firmware\controlador PI\main.c
                     a158   0x00213c    program     extern C:\Users\JUNIOR\Google Drive\Maua\Aplicada2-Pic\labintegrado2014\Firmware\controlador PI\main.c
                     a159   0x00213e    program     extern C:\Users\JUNIOR\Google Drive\Maua\Aplicada2-Pic\labintegrado2014\Firmware\controlador PI\main.c
                      a16   0x002020    program     extern C:\Users\JUNIOR\Google Drive\Maua\Aplicada2-Pic\labintegrado2014\Firmware\controlador PI\main.c
                     a160   0x002140    program     extern C:\Users\JUNIOR\Google Drive\Maua\Aplicada2-Pic\labintegrado2014\Firmware\controlador PI\main.c
                     a161   0x002142    program     extern C:\Users\JUNIOR\Google Drive\Maua\Aplicada2-Pic\labintegrado2014\Firmware\controlador PI\main.c
                     a162   0x002144    program     extern C:\Users\JUNIOR\Google Drive\Maua\Aplicada2-Pic\labintegrado2014\Firmware\controlador PI\main.c
                     a163   0x002146    program     extern C:\Users\JUNIOR\Google Drive\Maua\Aplicada2-Pic\labintegrado2014\Firmware\controlador PI\main.c
                     a164   0x002148    program     extern C:\Users\JUNIOR\Google Drive\Maua\Aplicada2-Pic\labintegrado2014\Firmware\controlador PI\main.c
                     a165   0x00214a    program     extern C:\Users\JUNIOR\Google Drive\Maua\Aplicada2-Pic\labintegrado2014\Firmware\controlador PI\main.c
                     a166   0x00214c    program     extern C:\Users\JUNIOR\Google Drive\Maua\Aplicada2-Pic\labintegrado2014\Firmware\controlador PI\main.c
                     a167   0x00214e    program     extern C:\Users\JUNIOR\Google Drive\Maua\Aplicada2-Pic\labintegrado2014\Firmware\controlador PI\main.c
                     a168   0x002150    program     extern C:\Users\JUNIOR\Google Drive\Maua\Aplicada2-Pic\labintegrado2014\Firmware\controlador PI\main.c
                     a169   0x002152    program     extern C:\Users\JUNIOR\Google Drive\Maua\Aplicada2-Pic\labintegrado2014\Firmware\controlador PI\main.c
                      a17   0x002022    program     extern C:\Users\JUNIOR\Google Drive\Maua\Aplicada2-Pic\labintegrado2014\Firmware\controlador PI\main.c
                     a170   0x002154    program     extern C:\Users\JUNIOR\Google Drive\Maua\Aplicada2-Pic\labintegrado2014\Firmware\controlador PI\main.c
                     a171   0x002156    program     extern C:\Users\JUNIOR\Google Drive\Maua\Aplicada2-Pic\labintegrado2014\Firmware\controlador PI\main.c
                     a172   0x002158    program     extern C:\Users\JUNIOR\Google Drive\Maua\Aplicada2-Pic\labintegrado2014\Firmware\controlador PI\main.c
                     a173   0x00215a    program     extern C:\Users\JUNIOR\Google Drive\Maua\Aplicada2-Pic\labintegrado2014\Firmware\controlador PI\main.c
                     a174   0x00215c    program     extern C:\Users\JUNIOR\Google Drive\Maua\Aplicada2-Pic\labintegrado2014\Firmware\controlador PI\main.c
                     a175   0x00215e    program     extern C:\Users\JUNIOR\Google Drive\Maua\Aplicada2-Pic\labintegrado2014\Firmware\controlador PI\main.c
                     a176   0x002160    program     extern C:\Users\JUNIOR\Google Drive\Maua\Aplicada2-Pic\labintegrado2014\Firmware\controlador PI\main.c
                     a177   0x002162    program     extern C:\Users\JUNIOR\Google Drive\Maua\Aplicada2-Pic\labintegrado2014\Firmware\controlador PI\main.c
                     a178   0x002164    program     extern C:\Users\JUNIOR\Google Drive\Maua\Aplicada2-Pic\labintegrado2014\Firmware\controlador PI\main.c
                     a179   0x002166    program     extern C:\Users\JUNIOR\Google Drive\Maua\Aplicada2-Pic\labintegrado2014\Firmware\controlador PI\main.c
                      a18   0x002024    program     extern C:\Users\JUNIOR\Google Drive\Maua\Aplicada2-Pic\labintegrado2014\Firmware\controlador PI\main.c
                     a180   0x002168    program     extern C:\Users\JUNIOR\Google Drive\Maua\Aplicada2-Pic\labintegrado2014\Firmware\controlador PI\main.c
                     a181   0x00216a    program     extern C:\Users\JUNIOR\Google Drive\Maua\Aplicada2-Pic\labintegrado2014\Firmware\controlador PI\main.c
                     a182   0x00216c    program     extern C:\Users\JUNIOR\Google Drive\Maua\Aplicada2-Pic\labintegrado2014\Firmware\controlador PI\main.c
                     a183   0x00216e    program     extern C:\Users\JUNIOR\Google Drive\Maua\Aplicada2-Pic\labintegrado2014\Firmware\controlador PI\main.c
                     a184   0x002170    program     extern C:\Users\JUNIOR\Google Drive\Maua\Aplicada2-Pic\labintegrado2014\Firmware\controlador PI\main.c
                     a185   0x002172    program     extern C:\Users\JUNIOR\Google Drive\Maua\Aplicada2-Pic\labintegrado2014\Firmware\controlador PI\main.c
                     a186   0x002174    program     extern C:\Users\JUNIOR\Google Drive\Maua\Aplicada2-Pic\labintegrado2014\Firmware\controlador PI\main.c
                     a187   0x002176    program     extern C:\Users\JUNIOR\Google Drive\Maua\Aplicada2-Pic\labintegrado2014\Firmware\controlador PI\main.c
                     a188   0x002178    program     extern C:\Users\JUNIOR\Google Drive\Maua\Aplicada2-Pic\labintegrado2014\Firmware\controlador PI\main.c
                     a189   0x00217a    program     extern C:\Users\JUNIOR\Google Drive\Maua\Aplicada2-Pic\labintegrado2014\Firmware\controlador PI\main.c
                      a19   0x002026    program     extern C:\Users\JUNIOR\Google Drive\Maua\Aplicada2-Pic\labintegrado2014\Firmware\controlador PI\main.c
                     a190   0x00217c    program     extern C:\Users\JUNIOR\Google Drive\Maua\Aplicada2-Pic\labintegrado2014\Firmware\controlador PI\main.c
                     a191   0x00217e    program     extern C:\Users\JUNIOR\Google Drive\Maua\Aplicada2-Pic\labintegrado2014\Firmware\controlador PI\main.c
                     a192   0x002180    program     extern C:\Users\JUNIOR\Google Drive\Maua\Aplicada2-Pic\labintegrado2014\Firmware\controlador PI\main.c
                     a193   0x002182    program     extern C:\Users\JUNIOR\Google Drive\Maua\Aplicada2-Pic\labintegrado2014\Firmware\controlador PI\main.c
                     a194   0x002184    program     extern C:\Users\JUNIOR\Google Drive\Maua\Aplicada2-Pic\labintegrado2014\Firmware\controlador PI\main.c
                     a195   0x002186    program     extern C:\Users\JUNIOR\Google Drive\Maua\Aplicada2-Pic\labintegrado2014\Firmware\controlador PI\main.c
                     a196   0x002188    program     extern C:\Users\JUNIOR\Google Drive\Maua\Aplicada2-Pic\labintegrado2014\Firmware\controlador PI\main.c
                     a197   0x00218a    program     extern C:\Users\JUNIOR\Google Drive\Maua\Aplicada2-Pic\labintegrado2014\Firmware\controlador PI\main.c
                     a198   0x00218c    program     extern C:\Users\JUNIOR\Google Drive\Maua\Aplicada2-Pic\labintegrado2014\Firmware\controlador PI\main.c
                     a199   0x00218e    program     extern C:\Users\JUNIOR\Google Drive\Maua\Aplicada2-Pic\labintegrado2014\Firmware\controlador PI\main.c
                       a2   0x002004    program     extern C:\Users\JUNIOR\Google Drive\Maua\Aplicada2-Pic\labintegrado2014\Firmware\controlador PI\main.c
                      a20   0x002028    program     extern C:\Users\JUNIOR\Google Drive\Maua\Aplicada2-Pic\labintegrado2014\Firmware\controlador PI\main.c
                     a200   0x002190    program     extern C:\Users\JUNIOR\Google Drive\Maua\Aplicada2-Pic\labintegrado2014\Firmware\controlador PI\main.c
                     a201   0x002192    program     extern C:\Users\JUNIOR\Google Drive\Maua\Aplicada2-Pic\labintegrado2014\Firmware\controlador PI\main.c
                     a202   0x002194    program     extern C:\Users\JUNIOR\Google Drive\Maua\Aplicada2-Pic\labintegrado2014\Firmware\controlador PI\main.c
                     a203   0x002196    program     extern C:\Users\JUNIOR\Google Drive\Maua\Aplicada2-Pic\labintegrado2014\Firmware\controlador PI\main.c
                     a204   0x002198    program     extern C:\Users\JUNIOR\Google Drive\Maua\Aplicada2-Pic\labintegrado2014\Firmware\controlador PI\main.c
                     a205   0x00219a    program     extern C:\Users\JUNIOR\Google Drive\Maua\Aplicada2-Pic\labintegrado2014\Firmware\controlador PI\main.c
                     a206   0x00219c    program     extern C:\Users\JUNIOR\Google Drive\Maua\Aplicada2-Pic\labintegrado2014\Firmware\controlador PI\main.c
                     a207   0x00219e    program     extern C:\Users\JUNIOR\Google Drive\Maua\Aplicada2-Pic\labintegrado2014\Firmware\controlador PI\main.c
                     a208   0x0021a0    program     extern C:\Users\JUNIOR\Google Drive\Maua\Aplicada2-Pic\labintegrado2014\Firmware\controlador PI\main.c
                     a209   0x0021a2    program     extern C:\Users\JUNIOR\Google Drive\Maua\Aplicada2-Pic\labintegrado2014\Firmware\controlador PI\main.c
                      a21   0x00202a    program     extern C:\Users\JUNIOR\Google Drive\Maua\Aplicada2-Pic\labintegrado2014\Firmware\controlador PI\main.c
                     a210   0x0021a4    program     extern C:\Users\JUNIOR\Google Drive\Maua\Aplicada2-Pic\labintegrado2014\Firmware\controlador PI\main.c
                     a211   0x0021a6    program     extern C:\Users\JUNIOR\Google Drive\Maua\Aplicada2-Pic\labintegrado2014\Firmware\controlador PI\main.c
                     a212   0x0021a8    program     extern C:\Users\JUNIOR\Google Drive\Maua\Aplicada2-Pic\labintegrado2014\Firmware\controlador PI\main.c
                     a213   0x0021aa    program     extern C:\Users\JUNIOR\Google Drive\Maua\Aplicada2-Pic\labintegrado2014\Firmware\controlador PI\main.c
                     a214   0x0021ac    program     extern C:\Users\JUNIOR\Google Drive\Maua\Aplicada2-Pic\labintegrado2014\Firmware\controlador PI\main.c
                     a215   0x0021ae    program     extern C:\Users\JUNIOR\Google Drive\Maua\Aplicada2-Pic\labintegrado2014\Firmware\controlador PI\main.c
                     a216   0x0021b0    program     extern C:\Users\JUNIOR\Google Drive\Maua\Aplicada2-Pic\labintegrado2014\Firmware\controlador PI\main.c
                     a217   0x0021b2    program     extern C:\Users\JUNIOR\Google Drive\Maua\Aplicada2-Pic\labintegrado2014\Firmware\controlador PI\main.c
                     a218   0x0021b4    program     extern C:\Users\JUNIOR\Google Drive\Maua\Aplicada2-Pic\labintegrado2014\Firmware\controlador PI\main.c
                     a219   0x0021b6    program     extern C:\Users\JUNIOR\Google Drive\Maua\Aplicada2-Pic\labintegrado2014\Firmware\controlador PI\main.c
                      a22   0x00202c    program     extern C:\Users\JUNIOR\Google Drive\Maua\Aplicada2-Pic\labintegrado2014\Firmware\controlador PI\main.c
                     a220   0x0021b8    program     extern C:\Users\JUNIOR\Google Drive\Maua\Aplicada2-Pic\labintegrado2014\Firmware\controlador PI\main.c
                     a221   0x0021ba    program     extern C:\Users\JUNIOR\Google Drive\Maua\Aplicada2-Pic\labintegrado2014\Firmware\controlador PI\main.c
                     a222   0x0021bc    program     extern C:\Users\JUNIOR\Google Drive\Maua\Aplicada2-Pic\labintegrado2014\Firmware\controlador PI\main.c
                     a223   0x0021be    program     extern C:\Users\JUNIOR\Google Drive\Maua\Aplicada2-Pic\labintegrado2014\Firmware\controlador PI\main.c
                     a224   0x0021c0    program     extern C:\Users\JUNIOR\Google Drive\Maua\Aplicada2-Pic\labintegrado2014\Firmware\controlador PI\main.c
                     a225   0x0021c2    program     extern C:\Users\JUNIOR\Google Drive\Maua\Aplicada2-Pic\labintegrado2014\Firmware\controlador PI\main.c
                     a226   0x0021c4    program     extern C:\Users\JUNIOR\Google Drive\Maua\Aplicada2-Pic\labintegrado2014\Firmware\controlador PI\main.c
                     a227   0x0021c6    program     extern C:\Users\JUNIOR\Google Drive\Maua\Aplicada2-Pic\labintegrado2014\Firmware\controlador PI\main.c
                     a228   0x0021c8    program     extern C:\Users\JUNIOR\Google Drive\Maua\Aplicada2-Pic\labintegrado2014\Firmware\controlador PI\main.c
                     a229   0x0021ca    program     extern C:\Users\JUNIOR\Google Drive\Maua\Aplicada2-Pic\labintegrado2014\Firmware\controlador PI\main.c
                      a23   0x00202e    program     extern C:\Users\JUNIOR\Google Drive\Maua\Aplicada2-Pic\labintegrado2014\Firmware\controlador PI\main.c
                     a230   0x0021cc    program     extern C:\Users\JUNIOR\Google Drive\Maua\Aplicada2-Pic\labintegrado2014\Firmware\controlador PI\main.c
                     a231   0x0021ce    program     extern C:\Users\JUNIOR\Google Drive\Maua\Aplicada2-Pic\labintegrado2014\Firmware\controlador PI\main.c
                     a232   0x0021d0    program     extern C:\Users\JUNIOR\Google Drive\Maua\Aplicada2-Pic\labintegrado2014\Firmware\controlador PI\main.c
                     a233   0x0021d2    program     extern C:\Users\JUNIOR\Google Drive\Maua\Aplicada2-Pic\labintegrado2014\Firmware\controlador PI\main.c
                     a234   0x0021d4    program     extern C:\Users\JUNIOR\Google Drive\Maua\Aplicada2-Pic\labintegrado2014\Firmware\controlador PI\main.c
                     a235   0x0021d6    program     extern C:\Users\JUNIOR\Google Drive\Maua\Aplicada2-Pic\labintegrado2014\Firmware\controlador PI\main.c
                     a236   0x0021d8    program     extern C:\Users\JUNIOR\Google Drive\Maua\Aplicada2-Pic\labintegrado2014\Firmware\controlador PI\main.c
                     a237   0x0021da    program     extern C:\Users\JUNIOR\Google Drive\Maua\Aplicada2-Pic\labintegrado2014\Firmware\controlador PI\main.c
                     a238   0x0021dc    program     extern C:\Users\JUNIOR\Google Drive\Maua\Aplicada2-Pic\labintegrado2014\Firmware\controlador PI\main.c
                     a239   0x0021de    program     extern C:\Users\JUNIOR\Google Drive\Maua\Aplicada2-Pic\labintegrado2014\Firmware\controlador PI\main.c
                      a24   0x002030    program     extern C:\Users\JUNIOR\Google Drive\Maua\Aplicada2-Pic\labintegrado2014\Firmware\controlador PI\main.c
                     a240   0x0021e0    program     extern C:\Users\JUNIOR\Google Drive\Maua\Aplicada2-Pic\labintegrado2014\Firmware\controlador PI\main.c
                     a241   0x0021e2    program     extern C:\Users\JUNIOR\Google Drive\Maua\Aplicada2-Pic\labintegrado2014\Firmware\controlador PI\main.c
                     a242   0x0021e4    program     extern C:\Users\JUNIOR\Google Drive\Maua\Aplicada2-Pic\labintegrado2014\Firmware\controlador PI\main.c
                     a243   0x0021e6    program     extern C:\Users\JUNIOR\Google Drive\Maua\Aplicada2-Pic\labintegrado2014\Firmware\controlador PI\main.c
                     a244   0x0021e8    program     extern C:\Users\JUNIOR\Google Drive\Maua\Aplicada2-Pic\labintegrado2014\Firmware\controlador PI\main.c
                     a245   0x0021ea    program     extern C:\Users\JUNIOR\Google Drive\Maua\Aplicada2-Pic\labintegrado2014\Firmware\controlador PI\main.c
                     a246   0x0021ec    program     extern C:\Users\JUNIOR\Google Drive\Maua\Aplicada2-Pic\labintegrado2014\Firmware\controlador PI\main.c
                     a247   0x0021ee    program     extern C:\Users\JUNIOR\Google Drive\Maua\Aplicada2-Pic\labintegrado2014\Firmware\controlador PI\main.c
                     a248   0x0021f0    program     extern C:\Users\JUNIOR\Google Drive\Maua\Aplicada2-Pic\labintegrado2014\Firmware\controlador PI\main.c
                     a249   0x0021f2    program     extern C:\Users\JUNIOR\Google Drive\Maua\Aplicada2-Pic\labintegrado2014\Firmware\controlador PI\main.c
                      a25   0x002032    program     extern C:\Users\JUNIOR\Google Drive\Maua\Aplicada2-Pic\labintegrado2014\Firmware\controlador PI\main.c
                     a250   0x0021f4    program     extern C:\Users\JUNIOR\Google Drive\Maua\Aplicada2-Pic\labintegrado2014\Firmware\controlador PI\main.c
                     a251   0x0021f6    program     extern C:\Users\JUNIOR\Google Drive\Maua\Aplicada2-Pic\labintegrado2014\Firmware\controlador PI\main.c
                     a252   0x0021f8    program     extern C:\Users\JUNIOR\Google Drive\Maua\Aplicada2-Pic\labintegrado2014\Firmware\controlador PI\main.c
                     a253   0x0021fa    program     extern C:\Users\JUNIOR\Google Drive\Maua\Aplicada2-Pic\labintegrado2014\Firmware\controlador PI\main.c
                     a254   0x0021fc    program     extern C:\Users\JUNIOR\Google Drive\Maua\Aplicada2-Pic\labintegrado2014\Firmware\controlador PI\main.c
                     a255   0x0021fe    program     extern C:\Users\JUNIOR\Google Drive\Maua\Aplicada2-Pic\labintegrado2014\Firmware\controlador PI\main.c
                     a256   0x002200    program     extern C:\Users\JUNIOR\Google Drive\Maua\Aplicada2-Pic\labintegrado2014\Firmware\controlador PI\main.c
                     a257   0x002202    program     extern C:\Users\JUNIOR\Google Drive\Maua\Aplicada2-Pic\labintegrado2014\Firmware\controlador PI\main.c
                     a258   0x002204    program     extern C:\Users\JUNIOR\Google Drive\Maua\Aplicada2-Pic\labintegrado2014\Firmware\controlador PI\main.c
                     a259   0x002206    program     extern C:\Users\JUNIOR\Google Drive\Maua\Aplicada2-Pic\labintegrado2014\Firmware\controlador PI\main.c
                      a26   0x002034    program     extern C:\Users\JUNIOR\Google Drive\Maua\Aplicada2-Pic\labintegrado2014\Firmware\controlador PI\main.c
                     a260   0x002208    program     extern C:\Users\JUNIOR\Google Drive\Maua\Aplicada2-Pic\labintegrado2014\Firmware\controlador PI\main.c
                     a261   0x00220a    program     extern C:\Users\JUNIOR\Google Drive\Maua\Aplicada2-Pic\labintegrado2014\Firmware\controlador PI\main.c
                     a262   0x00220c    program     extern C:\Users\JUNIOR\Google Drive\Maua\Aplicada2-Pic\labintegrado2014\Firmware\controlador PI\main.c
                     a263   0x00220e    program     extern C:\Users\JUNIOR\Google Drive\Maua\Aplicada2-Pic\labintegrado2014\Firmware\controlador PI\main.c
                     a264   0x002210    program     extern C:\Users\JUNIOR\Google Drive\Maua\Aplicada2-Pic\labintegrado2014\Firmware\controlador PI\main.c
                     a265   0x002212    program     extern C:\Users\JUNIOR\Google Drive\Maua\Aplicada2-Pic\labintegrado2014\Firmware\controlador PI\main.c
                     a266   0x002214    program     extern C:\Users\JUNIOR\Google Drive\Maua\Aplicada2-Pic\labintegrado2014\Firmware\controlador PI\main.c
                     a267   0x002216    program     extern C:\Users\JUNIOR\Google Drive\Maua\Aplicada2-Pic\labintegrado2014\Firmware\controlador PI\main.c
                     a268   0x002218    program     extern C:\Users\JUNIOR\Google Drive\Maua\Aplicada2-Pic\labintegrado2014\Firmware\controlador PI\main.c
                     a269   0x00221a    program     extern C:\Users\JUNIOR\Google Drive\Maua\Aplicada2-Pic\labintegrado2014\Firmware\controlador PI\main.c
                      a27   0x002036    program     extern C:\Users\JUNIOR\Google Drive\Maua\Aplicada2-Pic\labintegrado2014\Firmware\controlador PI\main.c
                     a270   0x00221c    program     extern C:\Users\JUNIOR\Google Drive\Maua\Aplicada2-Pic\labintegrado2014\Firmware\controlador PI\main.c
                     a271   0x00221e    program     extern C:\Users\JUNIOR\Google Drive\Maua\Aplicada2-Pic\labintegrado2014\Firmware\controlador PI\main.c
                     a272   0x002220    program     extern C:\Users\JUNIOR\Google Drive\Maua\Aplicada2-Pic\labintegrado2014\Firmware\controlador PI\main.c
                     a273   0x002222    program     extern C:\Users\JUNIOR\Google Drive\Maua\Aplicada2-Pic\labintegrado2014\Firmware\controlador PI\main.c
                     a274   0x002224    program     extern C:\Users\JUNIOR\Google Drive\Maua\Aplicada2-Pic\labintegrado2014\Firmware\controlador PI\main.c
                     a275   0x002226    program     extern C:\Users\JUNIOR\Google Drive\Maua\Aplicada2-Pic\labintegrado2014\Firmware\controlador PI\main.c
                     a276   0x002228    program     extern C:\Users\JUNIOR\Google Drive\Maua\Aplicada2-Pic\labintegrado2014\Firmware\controlador PI\main.c
                     a277   0x00222a    program     extern C:\Users\JUNIOR\Google Drive\Maua\Aplicada2-Pic\labintegrado2014\Firmware\controlador PI\main.c
                     a278   0x00222c    program     extern C:\Users\JUNIOR\Google Drive\Maua\Aplicada2-Pic\labintegrado2014\Firmware\controlador PI\main.c
                     a279   0x00222e    program     extern C:\Users\JUNIOR\Google Drive\Maua\Aplicada2-Pic\labintegrado2014\Firmware\controlador PI\main.c
                      a28   0x002038    program     extern C:\Users\JUNIOR\Google Drive\Maua\Aplicada2-Pic\labintegrado2014\Firmware\controlador PI\main.c
                     a280   0x002230    program     extern C:\Users\JUNIOR\Google Drive\Maua\Aplicada2-Pic\labintegrado2014\Firmware\controlador PI\main.c
                     a281   0x002232    program     extern C:\Users\JUNIOR\Google Drive\Maua\Aplicada2-Pic\labintegrado2014\Firmware\controlador PI\main.c
                     a282   0x002234    program     extern C:\Users\JUNIOR\Google Drive\Maua\Aplicada2-Pic\labintegrado2014\Firmware\controlador PI\main.c
                     a283   0x002236    program     extern C:\Users\JUNIOR\Google Drive\Maua\Aplicada2-Pic\labintegrado2014\Firmware\controlador PI\main.c
                     a284   0x002238    program     extern C:\Users\JUNIOR\Google Drive\Maua\Aplicada2-Pic\labintegrado2014\Firmware\controlador PI\main.c
                     a285   0x00223a    program     extern C:\Users\JUNIOR\Google Drive\Maua\Aplicada2-Pic\labintegrado2014\Firmware\controlador PI\main.c
                     a286   0x00223c    program     extern C:\Users\JUNIOR\Google Drive\Maua\Aplicada2-Pic\labintegrado2014\Firmware\controlador PI\main.c
                     a287   0x00223e    program     extern C:\Users\JUNIOR\Google Drive\Maua\Aplicada2-Pic\labintegrado2014\Firmware\controlador PI\main.c
                     a288   0x002240    program     extern C:\Users\JUNIOR\Google Drive\Maua\Aplicada2-Pic\labintegrado2014\Firmware\controlador PI\main.c
                     a289   0x002242    program     extern C:\Users\JUNIOR\Google Drive\Maua\Aplicada2-Pic\labintegrado2014\Firmware\controlador PI\main.c
                      a29   0x00203a    program     extern C:\Users\JUNIOR\Google Drive\Maua\Aplicada2-Pic\labintegrado2014\Firmware\controlador PI\main.c
                     a290   0x002244    program     extern C:\Users\JUNIOR\Google Drive\Maua\Aplicada2-Pic\labintegrado2014\Firmware\controlador PI\main.c
                     a291   0x002246    program     extern C:\Users\JUNIOR\Google Drive\Maua\Aplicada2-Pic\labintegrado2014\Firmware\controlador PI\main.c
                     a292   0x002248    program     extern C:\Users\JUNIOR\Google Drive\Maua\Aplicada2-Pic\labintegrado2014\Firmware\controlador PI\main.c
                     a293   0x00224a    program     extern C:\Users\JUNIOR\Google Drive\Maua\Aplicada2-Pic\labintegrado2014\Firmware\controlador PI\main.c
                     a294   0x00224c    program     extern C:\Users\JUNIOR\Google Drive\Maua\Aplicada2-Pic\labintegrado2014\Firmware\controlador PI\main.c
                     a295   0x00224e    program     extern C:\Users\JUNIOR\Google Drive\Maua\Aplicada2-Pic\labintegrado2014\Firmware\controlador PI\main.c
                     a296   0x002250    program     extern C:\Users\JUNIOR\Google Drive\Maua\Aplicada2-Pic\labintegrado2014\Firmware\controlador PI\main.c
                     a297   0x002252    program     extern C:\Users\JUNIOR\Google Drive\Maua\Aplicada2-Pic\labintegrado2014\Firmware\controlador PI\main.c
                     a298   0x002254    program     extern C:\Users\JUNIOR\Google Drive\Maua\Aplicada2-Pic\labintegrado2014\Firmware\controlador PI\main.c
                     a299   0x002256    program     extern C:\Users\JUNIOR\Google Drive\Maua\Aplicada2-Pic\labintegrado2014\Firmware\controlador PI\main.c
                       a3   0x002006    program     extern C:\Users\JUNIOR\Google Drive\Maua\Aplicada2-Pic\labintegrado2014\Firmware\controlador PI\main.c
                      a30   0x00203c    program     extern C:\Users\JUNIOR\Google Drive\Maua\Aplicada2-Pic\labintegrado2014\Firmware\controlador PI\main.c
                     a300   0x002258    program     extern C:\Users\JUNIOR\Google Drive\Maua\Aplicada2-Pic\labintegrado2014\Firmware\controlador PI\main.c
                     a301   0x00225a    program     extern C:\Users\JUNIOR\Google Drive\Maua\Aplicada2-Pic\labintegrado2014\Firmware\controlador PI\main.c
                     a302   0x00225c    program     extern C:\Users\JUNIOR\Google Drive\Maua\Aplicada2-Pic\labintegrado2014\Firmware\controlador PI\main.c
                     a303   0x00225e    program     extern C:\Users\JUNIOR\Google Drive\Maua\Aplicada2-Pic\labintegrado2014\Firmware\controlador PI\main.c
                     a304   0x002260    program     extern C:\Users\JUNIOR\Google Drive\Maua\Aplicada2-Pic\labintegrado2014\Firmware\controlador PI\main.c
                     a305   0x002262    program     extern C:\Users\JUNIOR\Google Drive\Maua\Aplicada2-Pic\labintegrado2014\Firmware\controlador PI\main.c
                     a306   0x002264    program     extern C:\Users\JUNIOR\Google Drive\Maua\Aplicada2-Pic\labintegrado2014\Firmware\controlador PI\main.c
                     a307   0x002266    program     extern C:\Users\JUNIOR\Google Drive\Maua\Aplicada2-Pic\labintegrado2014\Firmware\controlador PI\main.c
                     a308   0x002268    program     extern C:\Users\JUNIOR\Google Drive\Maua\Aplicada2-Pic\labintegrado2014\Firmware\controlador PI\main.c
                     a309   0x00226a    program     extern C:\Users\JUNIOR\Google Drive\Maua\Aplicada2-Pic\labintegrado2014\Firmware\controlador PI\main.c
                      a31   0x00203e    program     extern C:\Users\JUNIOR\Google Drive\Maua\Aplicada2-Pic\labintegrado2014\Firmware\controlador PI\main.c
                     a310   0x00226c    program     extern C:\Users\JUNIOR\Google Drive\Maua\Aplicada2-Pic\labintegrado2014\Firmware\controlador PI\main.c
                     a311   0x00226e    program     extern C:\Users\JUNIOR\Google Drive\Maua\Aplicada2-Pic\labintegrado2014\Firmware\controlador PI\main.c
                     a312   0x002270    program     extern C:\Users\JUNIOR\Google Drive\Maua\Aplicada2-Pic\labintegrado2014\Firmware\controlador PI\main.c
                     a313   0x002272    program     extern C:\Users\JUNIOR\Google Drive\Maua\Aplicada2-Pic\labintegrado2014\Firmware\controlador PI\main.c
                     a314   0x002274    program     extern C:\Users\JUNIOR\Google Drive\Maua\Aplicada2-Pic\labintegrado2014\Firmware\controlador PI\main.c
                     a315   0x002276    program     extern C:\Users\JUNIOR\Google Drive\Maua\Aplicada2-Pic\labintegrado2014\Firmware\controlador PI\main.c
                     a316   0x002278    program     extern C:\Users\JUNIOR\Google Drive\Maua\Aplicada2-Pic\labintegrado2014\Firmware\controlador PI\main.c
                     a317   0x00227a    program     extern C:\Users\JUNIOR\Google Drive\Maua\Aplicada2-Pic\labintegrado2014\Firmware\controlador PI\main.c
                     a318   0x00227c    program     extern C:\Users\JUNIOR\Google Drive\Maua\Aplicada2-Pic\labintegrado2014\Firmware\controlador PI\main.c
                     a319   0x00227e    program     extern C:\Users\JUNIOR\Google Drive\Maua\Aplicada2-Pic\labintegrado2014\Firmware\controlador PI\main.c
                      a32   0x002040    program     extern C:\Users\JUNIOR\Google Drive\Maua\Aplicada2-Pic\labintegrado2014\Firmware\controlador PI\main.c
                     a320   0x002280    program     extern C:\Users\JUNIOR\Google Drive\Maua\Aplicada2-Pic\labintegrado2014\Firmware\controlador PI\main.c
                     a321   0x002282    program     extern C:\Users\JUNIOR\Google Drive\Maua\Aplicada2-Pic\labintegrado2014\Firmware\controlador PI\main.c
                     a322   0x002284    program     extern C:\Users\JUNIOR\Google Drive\Maua\Aplicada2-Pic\labintegrado2014\Firmware\controlador PI\main.c
                     a323   0x002286    program     extern C:\Users\JUNIOR\Google Drive\Maua\Aplicada2-Pic\labintegrado2014\Firmware\controlador PI\main.c
                     a324   0x002288    program     extern C:\Users\JUNIOR\Google Drive\Maua\Aplicada2-Pic\labintegrado2014\Firmware\controlador PI\main.c
                     a325   0x00228a    program     extern C:\Users\JUNIOR\Google Drive\Maua\Aplicada2-Pic\labintegrado2014\Firmware\controlador PI\main.c
                     a326   0x00228c    program     extern C:\Users\JUNIOR\Google Drive\Maua\Aplicada2-Pic\labintegrado2014\Firmware\controlador PI\main.c
                     a327   0x00228e    program     extern C:\Users\JUNIOR\Google Drive\Maua\Aplicada2-Pic\labintegrado2014\Firmware\controlador PI\main.c
                     a328   0x002290    program     extern C:\Users\JUNIOR\Google Drive\Maua\Aplicada2-Pic\labintegrado2014\Firmware\controlador PI\main.c
                     a329   0x002292    program     extern C:\Users\JUNIOR\Google Drive\Maua\Aplicada2-Pic\labintegrado2014\Firmware\controlador PI\main.c
                      a33   0x002042    program     extern C:\Users\JUNIOR\Google Drive\Maua\Aplicada2-Pic\labintegrado2014\Firmware\controlador PI\main.c
                     a330   0x002294    program     extern C:\Users\JUNIOR\Google Drive\Maua\Aplicada2-Pic\labintegrado2014\Firmware\controlador PI\main.c
                     a331   0x002296    program     extern C:\Users\JUNIOR\Google Drive\Maua\Aplicada2-Pic\labintegrado2014\Firmware\controlador PI\main.c
                     a332   0x002298    program     extern C:\Users\JUNIOR\Google Drive\Maua\Aplicada2-Pic\labintegrado2014\Firmware\controlador PI\main.c
                     a333   0x00229a    program     extern C:\Users\JUNIOR\Google Drive\Maua\Aplicada2-Pic\labintegrado2014\Firmware\controlador PI\main.c
                     a334   0x00229c    program     extern C:\Users\JUNIOR\Google Drive\Maua\Aplicada2-Pic\labintegrado2014\Firmware\controlador PI\main.c
                     a335   0x00229e    program     extern C:\Users\JUNIOR\Google Drive\Maua\Aplicada2-Pic\labintegrado2014\Firmware\controlador PI\main.c
                     a336   0x0022a0    program     extern C:\Users\JUNIOR\Google Drive\Maua\Aplicada2-Pic\labintegrado2014\Firmware\controlador PI\main.c
                     a337   0x0022a2    program     extern C:\Users\JUNIOR\Google Drive\Maua\Aplicada2-Pic\labintegrado2014\Firmware\controlador PI\main.c
                     a338   0x0022a4    program     extern C:\Users\JUNIOR\Google Drive\Maua\Aplicada2-Pic\labintegrado2014\Firmware\controlador PI\main.c
                     a339   0x0022a6    program     extern C:\Users\JUNIOR\Google Drive\Maua\Aplicada2-Pic\labintegrado2014\Firmware\controlador PI\main.c
                      a34   0x002044    program     extern C:\Users\JUNIOR\Google Drive\Maua\Aplicada2-Pic\labintegrado2014\Firmware\controlador PI\main.c
                     a340   0x0022a8    program     extern C:\Users\JUNIOR\Google Drive\Maua\Aplicada2-Pic\labintegrado2014\Firmware\controlador PI\main.c
                     a341   0x0022aa    program     extern C:\Users\JUNIOR\Google Drive\Maua\Aplicada2-Pic\labintegrado2014\Firmware\controlador PI\main.c
                     a342   0x0022ac    program     extern C:\Users\JUNIOR\Google Drive\Maua\Aplicada2-Pic\labintegrado2014\Firmware\controlador PI\main.c
                     a343   0x0022ae    program     extern C:\Users\JUNIOR\Google Drive\Maua\Aplicada2-Pic\labintegrado2014\Firmware\controlador PI\main.c
                     a344   0x0022b0    program     extern C:\Users\JUNIOR\Google Drive\Maua\Aplicada2-Pic\labintegrado2014\Firmware\controlador PI\main.c
                     a345   0x0022b2    program     extern C:\Users\JUNIOR\Google Drive\Maua\Aplicada2-Pic\labintegrado2014\Firmware\controlador PI\main.c
                     a346   0x0022b4    program     extern C:\Users\JUNIOR\Google Drive\Maua\Aplicada2-Pic\labintegrado2014\Firmware\controlador PI\main.c
                     a347   0x0022b6    program     extern C:\Users\JUNIOR\Google Drive\Maua\Aplicada2-Pic\labintegrado2014\Firmware\controlador PI\main.c
                     a348   0x0022b8    program     extern C:\Users\JUNIOR\Google Drive\Maua\Aplicada2-Pic\labintegrado2014\Firmware\controlador PI\main.c
                     a349   0x0022ba    program     extern C:\Users\JUNIOR\Google Drive\Maua\Aplicada2-Pic\labintegrado2014\Firmware\controlador PI\main.c
                      a35   0x002046    program     extern C:\Users\JUNIOR\Google Drive\Maua\Aplicada2-Pic\labintegrado2014\Firmware\controlador PI\main.c
                     a350   0x0022bc    program     extern C:\Users\JUNIOR\Google Drive\Maua\Aplicada2-Pic\labintegrado2014\Firmware\controlador PI\main.c
                     a351   0x0022be    program     extern C:\Users\JUNIOR\Google Drive\Maua\Aplicada2-Pic\labintegrado2014\Firmware\controlador PI\main.c
                     a352   0x0022c0    program     extern C:\Users\JUNIOR\Google Drive\Maua\Aplicada2-Pic\labintegrado2014\Firmware\controlador PI\main.c
                     a353   0x0022c2    program     extern C:\Users\JUNIOR\Google Drive\Maua\Aplicada2-Pic\labintegrado2014\Firmware\controlador PI\main.c
                     a354   0x0022c4    program     extern C:\Users\JUNIOR\Google Drive\Maua\Aplicada2-Pic\labintegrado2014\Firmware\controlador PI\main.c
                     a355   0x0022c6    program     extern C:\Users\JUNIOR\Google Drive\Maua\Aplicada2-Pic\labintegrado2014\Firmware\controlador PI\main.c
                     a356   0x0022c8    program     extern C:\Users\JUNIOR\Google Drive\Maua\Aplicada2-Pic\labintegrado2014\Firmware\controlador PI\main.c
                     a357   0x0022ca    program     extern C:\Users\JUNIOR\Google Drive\Maua\Aplicada2-Pic\labintegrado2014\Firmware\controlador PI\main.c
                     a358   0x0022cc    program     extern C:\Users\JUNIOR\Google Drive\Maua\Aplicada2-Pic\labintegrado2014\Firmware\controlador PI\main.c
                     a359   0x0022ce    program     extern C:\Users\JUNIOR\Google Drive\Maua\Aplicada2-Pic\labintegrado2014\Firmware\controlador PI\main.c
                      a36   0x002048    program     extern C:\Users\JUNIOR\Google Drive\Maua\Aplicada2-Pic\labintegrado2014\Firmware\controlador PI\main.c
                     a360   0x0022d0    program     extern C:\Users\JUNIOR\Google Drive\Maua\Aplicada2-Pic\labintegrado2014\Firmware\controlador PI\main.c
                     a361   0x0022d2    program     extern C:\Users\JUNIOR\Google Drive\Maua\Aplicada2-Pic\labintegrado2014\Firmware\controlador PI\main.c
                     a362   0x0022d4    program     extern C:\Users\JUNIOR\Google Drive\Maua\Aplicada2-Pic\labintegrado2014\Firmware\controlador PI\main.c
                     a363   0x0022d6    program     extern C:\Users\JUNIOR\Google Drive\Maua\Aplicada2-Pic\labintegrado2014\Firmware\controlador PI\main.c
                     a364   0x0022d8    program     extern C:\Users\JUNIOR\Google Drive\Maua\Aplicada2-Pic\labintegrado2014\Firmware\controlador PI\main.c
                     a365   0x0022da    program     extern C:\Users\JUNIOR\Google Drive\Maua\Aplicada2-Pic\labintegrado2014\Firmware\controlador PI\main.c
                     a366   0x0022dc    program     extern C:\Users\JUNIOR\Google Drive\Maua\Aplicada2-Pic\labintegrado2014\Firmware\controlador PI\main.c
                     a367   0x0022de    program     extern C:\Users\JUNIOR\Google Drive\Maua\Aplicada2-Pic\labintegrado2014\Firmware\controlador PI\main.c
                     a368   0x0022e0    program     extern C:\Users\JUNIOR\Google Drive\Maua\Aplicada2-Pic\labintegrado2014\Firmware\controlador PI\main.c
                     a369   0x0022e2    program     extern C:\Users\JUNIOR\Google Drive\Maua\Aplicada2-Pic\labintegrado2014\Firmware\controlador PI\main.c
                      a37   0x00204a    program     extern C:\Users\JUNIOR\Google Drive\Maua\Aplicada2-Pic\labintegrado2014\Firmware\controlador PI\main.c
                     a370   0x0022e4    program     extern C:\Users\JUNIOR\Google Drive\Maua\Aplicada2-Pic\labintegrado2014\Firmware\controlador PI\main.c
                     a371   0x0022e6    program     extern C:\Users\JUNIOR\Google Drive\Maua\Aplicada2-Pic\labintegrado2014\Firmware\controlador PI\main.c
                     a372   0x0022e8    program     extern C:\Users\JUNIOR\Google Drive\Maua\Aplicada2-Pic\labintegrado2014\Firmware\controlador PI\main.c
                     a373   0x0022ea    program     extern C:\Users\JUNIOR\Google Drive\Maua\Aplicada2-Pic\labintegrado2014\Firmware\controlador PI\main.c
                     a374   0x0022ec    program     extern C:\Users\JUNIOR\Google Drive\Maua\Aplicada2-Pic\labintegrado2014\Firmware\controlador PI\main.c
                     a375   0x0022ee    program     extern C:\Users\JUNIOR\Google Drive\Maua\Aplicada2-Pic\labintegrado2014\Firmware\controlador PI\main.c
                     a376   0x0022f0    program     extern C:\Users\JUNIOR\Google Drive\Maua\Aplicada2-Pic\labintegrado2014\Firmware\controlador PI\main.c
                     a377   0x0022f2    program     extern C:\Users\JUNIOR\Google Drive\Maua\Aplicada2-Pic\labintegrado2014\Firmware\controlador PI\main.c
                     a378   0x0022f4    program     extern C:\Users\JUNIOR\Google Drive\Maua\Aplicada2-Pic\labintegrado2014\Firmware\controlador PI\main.c
                     a379   0x0022f6    program     extern C:\Users\JUNIOR\Google Drive\Maua\Aplicada2-Pic\labintegrado2014\Firmware\controlador PI\main.c
                      a38   0x00204c    program     extern C:\Users\JUNIOR\Google Drive\Maua\Aplicada2-Pic\labintegrado2014\Firmware\controlador PI\main.c
                     a380   0x0022f8    program     extern C:\Users\JUNIOR\Google Drive\Maua\Aplicada2-Pic\labintegrado2014\Firmware\controlador PI\main.c
                     a381   0x0022fa    program     extern C:\Users\JUNIOR\Google Drive\Maua\Aplicada2-Pic\labintegrado2014\Firmware\controlador PI\main.c
                     a382   0x0022fc    program     extern C:\Users\JUNIOR\Google Drive\Maua\Aplicada2-Pic\labintegrado2014\Firmware\controlador PI\main.c
                     a383   0x0022fe    program     extern C:\Users\JUNIOR\Google Drive\Maua\Aplicada2-Pic\labintegrado2014\Firmware\controlador PI\main.c
                     a384   0x002300    program     extern C:\Users\JUNIOR\Google Drive\Maua\Aplicada2-Pic\labintegrado2014\Firmware\controlador PI\main.c
                     a385   0x002302    program     extern C:\Users\JUNIOR\Google Drive\Maua\Aplicada2-Pic\labintegrado2014\Firmware\controlador PI\main.c
                     a386   0x002304    program     extern C:\Users\JUNIOR\Google Drive\Maua\Aplicada2-Pic\labintegrado2014\Firmware\controlador PI\main.c
                     a387   0x002306    program     extern C:\Users\JUNIOR\Google Drive\Maua\Aplicada2-Pic\labintegrado2014\Firmware\controlador PI\main.c
                     a388   0x002308    program     extern C:\Users\JUNIOR\Google Drive\Maua\Aplicada2-Pic\labintegrado2014\Firmware\controlador PI\main.c
                     a389   0x00230a    program     extern C:\Users\JUNIOR\Google Drive\Maua\Aplicada2-Pic\labintegrado2014\Firmware\controlador PI\main.c
                      a39   0x00204e    program     extern C:\Users\JUNIOR\Google Drive\Maua\Aplicada2-Pic\labintegrado2014\Firmware\controlador PI\main.c
                     a390   0x00230c    program     extern C:\Users\JUNIOR\Google Drive\Maua\Aplicada2-Pic\labintegrado2014\Firmware\controlador PI\main.c
                     a391   0x00230e    program     extern C:\Users\JUNIOR\Google Drive\Maua\Aplicada2-Pic\labintegrado2014\Firmware\controlador PI\main.c
                     a392   0x002310    program     extern C:\Users\JUNIOR\Google Drive\Maua\Aplicada2-Pic\labintegrado2014\Firmware\controlador PI\main.c
                     a393   0x002312    program     extern C:\Users\JUNIOR\Google Drive\Maua\Aplicada2-Pic\labintegrado2014\Firmware\controlador PI\main.c
                     a394   0x002314    program     extern C:\Users\JUNIOR\Google Drive\Maua\Aplicada2-Pic\labintegrado2014\Firmware\controlador PI\main.c
                     a395   0x002316    program     extern C:\Users\JUNIOR\Google Drive\Maua\Aplicada2-Pic\labintegrado2014\Firmware\controlador PI\main.c
                     a396   0x002318    program     extern C:\Users\JUNIOR\Google Drive\Maua\Aplicada2-Pic\labintegrado2014\Firmware\controlador PI\main.c
                     a397   0x00231a    program     extern C:\Users\JUNIOR\Google Drive\Maua\Aplicada2-Pic\labintegrado2014\Firmware\controlador PI\main.c
                     a398   0x00231c    program     extern C:\Users\JUNIOR\Google Drive\Maua\Aplicada2-Pic\labintegrado2014\Firmware\controlador PI\main.c
                     a399   0x00231e    program     extern C:\Users\JUNIOR\Google Drive\Maua\Aplicada2-Pic\labintegrado2014\Firmware\controlador PI\main.c
                       a4   0x002008    program     extern C:\Users\JUNIOR\Google Drive\Maua\Aplicada2-Pic\labintegrado2014\Firmware\controlador PI\main.c
                      a40   0x002050    program     extern C:\Users\JUNIOR\Google Drive\Maua\Aplicada2-Pic\labintegrado2014\Firmware\controlador PI\main.c
                     a400   0x002320    program     extern C:\Users\JUNIOR\Google Drive\Maua\Aplicada2-Pic\labintegrado2014\Firmware\controlador PI\main.c
                     a401   0x002322    program     extern C:\Users\JUNIOR\Google Drive\Maua\Aplicada2-Pic\labintegrado2014\Firmware\controlador PI\main.c
                     a402   0x002324    program     extern C:\Users\JUNIOR\Google Drive\Maua\Aplicada2-Pic\labintegrado2014\Firmware\controlador PI\main.c
                     a403   0x002326    program     extern C:\Users\JUNIOR\Google Drive\Maua\Aplicada2-Pic\labintegrado2014\Firmware\controlador PI\main.c
                     a404   0x002328    program     extern C:\Users\JUNIOR\Google Drive\Maua\Aplicada2-Pic\labintegrado2014\Firmware\controlador PI\main.c
                     a405   0x00232a    program     extern C:\Users\JUNIOR\Google Drive\Maua\Aplicada2-Pic\labintegrado2014\Firmware\controlador PI\main.c
                     a406   0x00232c    program     extern C:\Users\JUNIOR\Google Drive\Maua\Aplicada2-Pic\labintegrado2014\Firmware\controlador PI\main.c
                     a407   0x00232e    program     extern C:\Users\JUNIOR\Google Drive\Maua\Aplicada2-Pic\labintegrado2014\Firmware\controlador PI\main.c
                     a408   0x002330    program     extern C:\Users\JUNIOR\Google Drive\Maua\Aplicada2-Pic\labintegrado2014\Firmware\controlador PI\main.c
                     a409   0x002332    program     extern C:\Users\JUNIOR\Google Drive\Maua\Aplicada2-Pic\labintegrado2014\Firmware\controlador PI\main.c
                      a41   0x002052    program     extern C:\Users\JUNIOR\Google Drive\Maua\Aplicada2-Pic\labintegrado2014\Firmware\controlador PI\main.c
                     a410   0x002334    program     extern C:\Users\JUNIOR\Google Drive\Maua\Aplicada2-Pic\labintegrado2014\Firmware\controlador PI\main.c
                     a411   0x002336    program     extern C:\Users\JUNIOR\Google Drive\Maua\Aplicada2-Pic\labintegrado2014\Firmware\controlador PI\main.c
                     a412   0x002338    program     extern C:\Users\JUNIOR\Google Drive\Maua\Aplicada2-Pic\labintegrado2014\Firmware\controlador PI\main.c
                     a413   0x00233a    program     extern C:\Users\JUNIOR\Google Drive\Maua\Aplicada2-Pic\labintegrado2014\Firmware\controlador PI\main.c
                     a414   0x00233c    program     extern C:\Users\JUNIOR\Google Drive\Maua\Aplicada2-Pic\labintegrado2014\Firmware\controlador PI\main.c
                     a415   0x00233e    program     extern C:\Users\JUNIOR\Google Drive\Maua\Aplicada2-Pic\labintegrado2014\Firmware\controlador PI\main.c
                     a416   0x002340    program     extern C:\Users\JUNIOR\Google Drive\Maua\Aplicada2-Pic\labintegrado2014\Firmware\controlador PI\main.c
                     a417   0x002342    program     extern C:\Users\JUNIOR\Google Drive\Maua\Aplicada2-Pic\labintegrado2014\Firmware\controlador PI\main.c
                     a418   0x002344    program     extern C:\Users\JUNIOR\Google Drive\Maua\Aplicada2-Pic\labintegrado2014\Firmware\controlador PI\main.c
                     a419   0x002346    program     extern C:\Users\JUNIOR\Google Drive\Maua\Aplicada2-Pic\labintegrado2014\Firmware\controlador PI\main.c
                      a42   0x002054    program     extern C:\Users\JUNIOR\Google Drive\Maua\Aplicada2-Pic\labintegrado2014\Firmware\controlador PI\main.c
                     a420   0x002348    program     extern C:\Users\JUNIOR\Google Drive\Maua\Aplicada2-Pic\labintegrado2014\Firmware\controlador PI\main.c
                     a421   0x00234a    program     extern C:\Users\JUNIOR\Google Drive\Maua\Aplicada2-Pic\labintegrado2014\Firmware\controlador PI\main.c
                     a422   0x00234c    program     extern C:\Users\JUNIOR\Google Drive\Maua\Aplicada2-Pic\labintegrado2014\Firmware\controlador PI\main.c
                     a423   0x00234e    program     extern C:\Users\JUNIOR\Google Drive\Maua\Aplicada2-Pic\labintegrado2014\Firmware\controlador PI\main.c
                     a424   0x002350    program     extern C:\Users\JUNIOR\Google Drive\Maua\Aplicada2-Pic\labintegrado2014\Firmware\controlador PI\main.c
                     a425   0x002352    program     extern C:\Users\JUNIOR\Google Drive\Maua\Aplicada2-Pic\labintegrado2014\Firmware\controlador PI\main.c
                     a426   0x002354    program     extern C:\Users\JUNIOR\Google Drive\Maua\Aplicada2-Pic\labintegrado2014\Firmware\controlador PI\main.c
                     a427   0x002356    program     extern C:\Users\JUNIOR\Google Drive\Maua\Aplicada2-Pic\labintegrado2014\Firmware\controlador PI\main.c
                     a428   0x002358    program     extern C:\Users\JUNIOR\Google Drive\Maua\Aplicada2-Pic\labintegrado2014\Firmware\controlador PI\main.c
                     a429   0x00235a    program     extern C:\Users\JUNIOR\Google Drive\Maua\Aplicada2-Pic\labintegrado2014\Firmware\controlador PI\main.c
                      a43   0x002056    program     extern C:\Users\JUNIOR\Google Drive\Maua\Aplicada2-Pic\labintegrado2014\Firmware\controlador PI\main.c
                     a430   0x00235c    program     extern C:\Users\JUNIOR\Google Drive\Maua\Aplicada2-Pic\labintegrado2014\Firmware\controlador PI\main.c
                     a431   0x00235e    program     extern C:\Users\JUNIOR\Google Drive\Maua\Aplicada2-Pic\labintegrado2014\Firmware\controlador PI\main.c
                     a432   0x002360    program     extern C:\Users\JUNIOR\Google Drive\Maua\Aplicada2-Pic\labintegrado2014\Firmware\controlador PI\main.c
                     a433   0x002362    program     extern C:\Users\JUNIOR\Google Drive\Maua\Aplicada2-Pic\labintegrado2014\Firmware\controlador PI\main.c
                     a434   0x002364    program     extern C:\Users\JUNIOR\Google Drive\Maua\Aplicada2-Pic\labintegrado2014\Firmware\controlador PI\main.c
                     a435   0x002366    program     extern C:\Users\JUNIOR\Google Drive\Maua\Aplicada2-Pic\labintegrado2014\Firmware\controlador PI\main.c
                     a436   0x002368    program     extern C:\Users\JUNIOR\Google Drive\Maua\Aplicada2-Pic\labintegrado2014\Firmware\controlador PI\main.c
                     a437   0x00236a    program     extern C:\Users\JUNIOR\Google Drive\Maua\Aplicada2-Pic\labintegrado2014\Firmware\controlador PI\main.c
                     a438   0x00236c    program     extern C:\Users\JUNIOR\Google Drive\Maua\Aplicada2-Pic\labintegrado2014\Firmware\controlador PI\main.c
                     a439   0x00236e    program     extern C:\Users\JUNIOR\Google Drive\Maua\Aplicada2-Pic\labintegrado2014\Firmware\controlador PI\main.c
                      a44   0x002058    program     extern C:\Users\JUNIOR\Google Drive\Maua\Aplicada2-Pic\labintegrado2014\Firmware\controlador PI\main.c
                     a440   0x002370    program     extern C:\Users\JUNIOR\Google Drive\Maua\Aplicada2-Pic\labintegrado2014\Firmware\controlador PI\main.c
                     a441   0x002372    program     extern C:\Users\JUNIOR\Google Drive\Maua\Aplicada2-Pic\labintegrado2014\Firmware\controlador PI\main.c
                     a442   0x002374    program     extern C:\Users\JUNIOR\Google Drive\Maua\Aplicada2-Pic\labintegrado2014\Firmware\controlador PI\main.c
                     a443   0x002376    program     extern C:\Users\JUNIOR\Google Drive\Maua\Aplicada2-Pic\labintegrado2014\Firmware\controlador PI\main.c
                     a444   0x002378    program     extern C:\Users\JUNIOR\Google Drive\Maua\Aplicada2-Pic\labintegrado2014\Firmware\controlador PI\main.c
                     a445   0x00237a    program     extern C:\Users\JUNIOR\Google Drive\Maua\Aplicada2-Pic\labintegrado2014\Firmware\controlador PI\main.c
                     a446   0x00237c    program     extern C:\Users\JUNIOR\Google Drive\Maua\Aplicada2-Pic\labintegrado2014\Firmware\controlador PI\main.c
                     a447   0x00237e    program     extern C:\Users\JUNIOR\Google Drive\Maua\Aplicada2-Pic\labintegrado2014\Firmware\controlador PI\main.c
                     a448   0x002380    program     extern C:\Users\JUNIOR\Google Drive\Maua\Aplicada2-Pic\labintegrado2014\Firmware\controlador PI\main.c
                     a449   0x002382    program     extern C:\Users\JUNIOR\Google Drive\Maua\Aplicada2-Pic\labintegrado2014\Firmware\controlador PI\main.c
                      a45   0x00205a    program     extern C:\Users\JUNIOR\Google Drive\Maua\Aplicada2-Pic\labintegrado2014\Firmware\controlador PI\main.c
                     a450   0x002384    program     extern C:\Users\JUNIOR\Google Drive\Maua\Aplicada2-Pic\labintegrado2014\Firmware\controlador PI\main.c
                     a451   0x002386    program     extern C:\Users\JUNIOR\Google Drive\Maua\Aplicada2-Pic\labintegrado2014\Firmware\controlador PI\main.c
                     a452   0x002388    program     extern C:\Users\JUNIOR\Google Drive\Maua\Aplicada2-Pic\labintegrado2014\Firmware\controlador PI\main.c
                     a453   0x00238a    program     extern C:\Users\JUNIOR\Google Drive\Maua\Aplicada2-Pic\labintegrado2014\Firmware\controlador PI\main.c
                     a454   0x00238c    program     extern C:\Users\JUNIOR\Google Drive\Maua\Aplicada2-Pic\labintegrado2014\Firmware\controlador PI\main.c
                     a455   0x00238e    program     extern C:\Users\JUNIOR\Google Drive\Maua\Aplicada2-Pic\labintegrado2014\Firmware\controlador PI\main.c
                     a456   0x002390    program     extern C:\Users\JUNIOR\Google Drive\Maua\Aplicada2-Pic\labintegrado2014\Firmware\controlador PI\main.c
                     a457   0x002392    program     extern C:\Users\JUNIOR\Google Drive\Maua\Aplicada2-Pic\labintegrado2014\Firmware\controlador PI\main.c
                     a458   0x002394    program     extern C:\Users\JUNIOR\Google Drive\Maua\Aplicada2-Pic\labintegrado2014\Firmware\controlador PI\main.c
                     a459   0x002396    program     extern C:\Users\JUNIOR\Google Drive\Maua\Aplicada2-Pic\labintegrado2014\Firmware\controlador PI\main.c
[...]
                TRISCbits   0x000f94       data     extern E:\3.46\pic18-lt\cxx-framework\src\traditional\proc\p18f4520.asm
                    TRISC   0x000f94       data     extern E:\3.46\pic18-lt\cxx-framework\src\traditional\proc\p18f4520.asm
                 DDRCbits   0x000f94       data     extern E:\3.46\pic18-lt\cxx-framework\src\traditional\proc\p18f4520.asm
                     DDRC   0x000f94       data     extern E:\3.46\pic18-lt\cxx-framework\src\traditional\proc\p18f4520.asm
                TRISDbits   0x000f95       data     extern E:\3.46\pic18-lt\cxx-framework\src\traditional\proc\p18f4520.asm
                    TRISD   0x000f95       data     extern E:\3.46\pic18-lt\cxx-framework\src\traditional\proc\p18f4520.asm
                 DDRDbits   0x000f95       data     extern E:\3.46\pic18-lt\cxx-framework\src\traditional\proc\p18f4520.asm
                     DDRD   0x000f95       data     extern E:\3.46\pic18-lt\cxx-framework\src\traditional\proc\p18f4520.asm
                 DDREbits   0x000f96       data     extern E:\3.46\pic18-lt\cxx-framework\src\traditional\proc\p18f4520.asm
                     DDRE   0x000f96       data     extern E:\3.46\pic18-lt\cxx-framework\src\traditional\proc\p18f4520.asm
                    TRISE   0x000f96       data     extern E:\3.46\pic18-lt\cxx-framework\src\traditional\proc\p18f4520.asm
                TRISEbits   0x000f96       data     extern E:\3.46\pic18-lt\cxx-framework\src\traditional\proc\p18f4520.asm
                  OSCTUNE   0x000f9b       data     extern E:\3.46\pic18-lt\cxx-framework\src\traditional\proc\p18f4520.asm
              OSCTUNEbits   0x000f9b       data     extern E:\3.46\pic18-lt\cxx-framework\src\traditional\proc\p18f4520.asm
                 PIE1bits   0x000f9d       data     extern E:\3.46\pic18-lt\cxx-framework\src\traditional\proc\p18f4520.asm
                     PIE1   0x000f9d       data     extern E:\3.46\pic18-lt\cxx-framework\src\traditional\proc\p18f4520.asm
                 PIR1bits   0x000f9e       data     extern E:\3.46\pic18-lt\cxx-framework\src\traditional\proc\p18f4520.asm
                     PIR1   0x000f9e       data     extern E:\3.46\pic18-lt\cxx-framework\src\traditional\proc\p18f4520.asm
                 IPR1bits   0x000f9f       data     extern E:\3.46\pic18-lt\cxx-framework\src\traditional\proc\p18f4520.asm
                     IPR1   0x000f9f       data     extern E:\3.46\pic18-lt\cxx-framework\src\traditional\proc\p18f4520.asm
                     PIE2   0x000fa0       data     extern E:\3.46\pic18-lt\cxx-framework\src\traditional\proc\p18f4520.asm
                 PIE2bits   0x000fa0       data     extern E:\3.46\pic18-lt\cxx-framework\src\traditional\proc\p18f4520.asm
                     PIR2   0x000fa1       data     extern E:\3.46\pic18-lt\cxx-framework\src\traditional\proc\p18f4520.asm
                 PIR2bits   0x000fa1       data     extern E:\3.46\pic18-lt\cxx-framework\src\traditional\proc\p18f4520.asm
                 IPR2bits   0x000fa2       data     extern E:\3.46\pic18-lt\cxx-framework\src\traditional\proc\p18f4520.asm
                     IPR2   0x000fa2       data     extern E:\3.46\pic18-lt\cxx-framework\src\traditional\proc\p18f4520.asm
               EECON1bits   0x000fa6       data     extern E:\3.46\pic18-lt\cxx-framework\src\traditional\proc\p18f4520.asm
                   EECON1   0x000fa6       data     extern E:\3.46\pic18-lt\cxx-framework\src\traditional\proc\p18f4520.asm
                   EECON2   0x000fa7       data     extern E:\3.46\pic18-lt\cxx-framework\src\traditional\proc\p18f4520.asm
                   EEDATA   0x000fa8       data     extern E:\3.46\pic18-lt\cxx-framework\src\traditional\proc\p18f4520.asm
                    EEADR   0x000fa9       data     extern E:\3.46\pic18-lt\cxx-framework\src\traditional\proc\p18f4520.asm
                    RCSTA   0x000fab       data     extern E:\3.46\pic18-lt\cxx-framework\src\traditional\proc\p18f4520.asm
                RCSTAbits   0x000fab       data     extern E:\3.46\pic18-lt\cxx-framework\src\traditional\proc\p18f4520.asm
                    TXSTA   0x000fac       data     extern E:\3.46\pic18-lt\cxx-framework\src\traditional\proc\p18f4520.asm
                TXSTAbits   0x000fac       data     extern E:\3.46\pic18-lt\cxx-framework\src\traditional\proc\p18f4520.asm
                    TXREG   0x000fad       data     extern E:\3.46\pic18-lt\cxx-framework\src\traditional\proc\p18f4520.asm
                    RCREG   0x000fae       data     extern E:\3.46\pic18-lt\cxx-framework\src\traditional\proc\p18f4520.asm
                    SPBRG   0x000faf       data     extern E:\3.46\pic18-lt\cxx-framework\src\traditional\proc\p18f4520.asm
                   SPBRGH   0x000fb0       data     extern E:\3.46\pic18-lt\cxx-framework\src\traditional\proc\p18f4520.asm
                T3CONbits   0x000fb1       data     extern E:\3.46\pic18-lt\cxx-framework\src\traditional\proc\p18f4520.asm
                    T3CON   0x000fb1       data     extern E:\3.46\pic18-lt\cxx-framework\src\traditional\proc\p18f4520.asm
                    TMR3L   0x000fb2       data     extern E:\3.46\pic18-lt\cxx-framework\src\traditional\proc\p18f4520.asm
                    TMR3H   0x000fb3       data     extern E:\3.46\pic18-lt\cxx-framework\src\traditional\proc\p18f4520.asm
                CMCONbits   0x000fb4       data     extern E:\3.46\pic18-lt\cxx-framework\src\traditional\proc\p18f4520.asm
                    CMCON   0x000fb4       data     extern E:\3.46\pic18-lt\cxx-framework\src\traditional\proc\p18f4520.asm
               CVRCONbits   0x000fb5       data     extern E:\3.46\pic18-lt\cxx-framework\src\traditional\proc\p18f4520.asm
                   CVRCON   0x000fb5       data     extern E:\3.46\pic18-lt\cxx-framework\src\traditional\proc\p18f4520.asm
               ECCPASbits   0x000fb6       data     extern E:\3.46\pic18-lt\cxx-framework\src\traditional\proc\p18f4520.asm
                   ECCPAS   0x000fb6       data     extern E:\3.46\pic18-lt\cxx-framework\src\traditional\proc\p18f4520.asm
              ECCP1ASbits   0x000fb6       data     extern E:\3.46\pic18-lt\cxx-framework\src\traditional\proc\p18f4520.asm
                  ECCP1AS   0x000fb6       data     extern E:\3.46\pic18-lt\cxx-framework\src\traditional\proc\p18f4520.asm
             ECCP1DELbits   0x000fb7       data     extern E:\3.46\pic18-lt\cxx-framework\src\traditional\proc\p18f4520.asm
                 ECCP1DEL   0x000fb7       data     extern E:\3.46\pic18-lt\cxx-framework\src\traditional\proc\p18f4520.asm
                  PWM1CON   0x000fb7       data     extern E:\3.46\pic18-lt\cxx-framework\src\traditional\proc\p18f4520.asm
              PWM1CONbits   0x000fb7       data     extern E:\3.46\pic18-lt\cxx-framework\src\traditional\proc\p18f4520.asm
              BAUDCTLbits   0x000fb8       data     extern E:\3.46\pic18-lt\cxx-framework\src\traditional\proc\p18f4520.asm
                  BAUDCTL   0x000fb8       data     extern E:\3.46\pic18-lt\cxx-framework\src\traditional\proc\p18f4520.asm
              BAUDCONbits   0x000fb8       data     extern E:\3.46\pic18-lt\cxx-framework\src\traditional\proc\p18f4520.asm
                  BAUDCON   0x000fb8       data     extern E:\3.46\pic18-lt\cxx-framework\src\traditional\proc\p18f4520.asm
                  CCP2CON   0x000fba       data     extern E:\3.46\pic18-lt\cxx-framework\src\traditional\proc\p18f4520.asm
              CCP2CONbits   0x000fba       data     extern E:\3.46\pic18-lt\cxx-framework\src\traditional\proc\p18f4520.asm
                   CCPR2L   0x000fbb       data     extern E:\3.46\pic18-lt\cxx-framework\src\traditional\proc\p18f4520.asm
                    CCPR2   0x000fbb       data     extern E:\3.46\pic18-lt\cxx-framework\src\traditional\proc\p18f4520.asm
                   CCPR2H   0x000fbc       data     extern E:\3.46\pic18-lt\cxx-framework\src\traditional\proc\p18f4520.asm
                  CCP1CON   0x000fbd       data     extern E:\3.46\pic18-lt\cxx-framework\src\traditional\proc\p18f4520.asm
              CCP1CONbits   0x000fbd       data     extern E:\3.46\pic18-lt\cxx-framework\src\traditional\proc\p18f4520.asm
                   CCPR1L   0x000fbe       data     extern E:\3.46\pic18-lt\cxx-framework\src\traditional\proc\p18f4520.asm
                    CCPR1   0x000fbe       data     extern E:\3.46\pic18-lt\cxx-framework\src\traditional\proc\p18f4520.asm
                   CCPR1H   0x000fbf       data     extern E:\3.46\pic18-lt\cxx-framework\src\traditional\proc\p18f4520.asm
               ADCON2bits   0x000fc0       data     extern E:\3.46\pic18-lt\cxx-framework\src\traditional\proc\p18f4520.asm
                   ADCON2   0x000fc0       data     extern E:\3.46\pic18-lt\cxx-framework\src\traditional\proc\p18f4520.asm
               ADCON1bits   0x000fc1       data     extern E:\3.46\pic18-lt\cxx-framework\src\traditional\proc\p18f4520.asm
                   ADCON1   0x000fc1       data     extern E:\3.46\pic18-lt\cxx-framework\src\traditional\proc\p18f4520.asm
                   ADCON0   0x000fc2       data     extern E:\3.46\pic18-lt\cxx-framework\src\traditional\proc\p18f4520.asm
               ADCON0bits   0x000fc2       data     extern E:\3.46\pic18-lt\cxx-framework\src\traditional\proc\p18f4520.asm
                    ADRES   0x000fc3       data     extern E:\3.46\pic18-lt\cxx-framework\src\traditional\proc\p18f4520.asm
                   ADRESL   0x000fc3       data     extern E:\3.46\pic18-lt\cxx-framework\src\traditional\proc\p18f4520.asm
                   ADRESH   0x000fc4       data     extern E:\3.46\pic18-lt\cxx-framework\src\traditional\proc\p18f4520.asm
                  SSPCON2   0x000fc5       data     extern E:\3.46\pic18-lt\cxx-framework\src\traditional\proc\p18f4520.asm
              SSPCON2bits   0x000fc5       data     extern E:\3.46\pic18-lt\cxx-framework\src\traditional\proc\p18f4520.asm
                  SSPCON1   0x000fc6       data     extern E:\3.46\pic18-lt\cxx-framework\src\traditional\proc\p18f4520.asm
              SSPCON1bits   0x000fc6       data     extern E:\3.46\pic18-lt\cxx-framework\src\traditional\proc\p18f4520.asm
                  SSPSTAT   0x000fc7       data     extern E:\3.46\pic18-lt\cxx-framework\src\traditional\proc\p18f4520.asm
              SSPSTATbits   0x000fc7       data     extern E:\3.46\pic18-lt\cxx-framework\src\traditional\proc\p18f4520.asm
                   SSPADD   0x000fc8       data     extern E:\3.46\pic18-lt\cxx-framework\src\traditional\proc\p18f4520.asm
                   SSPBUF   0x000fc9       data     extern E:\3.46\pic18-lt\cxx-framework\src\traditional\proc\p18f4520.asm
                T2CONbits   0x000fca       data     extern E:\3.46\pic18-lt\cxx-framework\src\traditional\proc\p18f4520.asm
                    T2CON   0x000fca       data     extern E:\3.46\pic18-lt\cxx-framework\src\traditional\proc\p18f4520.asm
                      PR2   0x000fcb       data     extern E:\3.46\pic18-lt\cxx-framework\src\traditional\proc\p18f4520.asm
                     TMR2   0x000fcc       data     extern E:\3.46\pic18-lt\cxx-framework\src\traditional\proc\p18f4520.asm
                T1CONbits   0x000fcd       data     extern E:\3.46\pic18-lt\cxx-framework\src\traditional\proc\p18f4520.asm
                    T1CON   0x000fcd       data     extern E:\3.46\pic18-lt\cxx-framework\src\traditional\proc\p18f4520.asm
                    TMR1L   0x000fce       data     extern E:\3.46\pic18-lt\cxx-framework\src\traditional\proc\p18f4520.asm
                    TMR1H   0x000fcf       data     extern E:\3.46\pic18-lt\cxx-framework\src\traditional\proc\p18f4520.asm
                     RCON   0x000fd0       data     extern E:\3.46\pic18-lt\cxx-framework\src\traditional\proc\p18f4520.asm
                 RCONbits   0x000fd0       data     extern E:\3.46\pic18-lt\cxx-framework\src\traditional\proc\p18f4520.asm
                   WDTCON   0x000fd1       data     extern E:\3.46\pic18-lt\cxx-framework\src\traditional\proc\p18f4520.asm
               WDTCONbits   0x000fd1       data     extern E:\3.46\pic18-lt\cxx-framework\src\traditional\proc\p18f4520.asm
               LVDCONbits   0x000fd2       data     extern E:\3.46\pic18-lt\cxx-framework\src\traditional\proc\p18f4520.asm
                  HLVDCON   0x000fd2       data     extern E:\3.46\pic18-lt\cxx-framework\src\traditional\proc\p18f4520.asm
              HLVDCONbits   0x000fd2       data     extern E:\3.46\pic18-lt\cxx-framework\src\traditional\proc\p18f4520.asm
                   LVDCON   0x000fd2       data     extern E:\3.46\pic18-lt\cxx-framework\src\traditional\proc\p18f4520.asm
               OSCCONbits   0x000fd3       data     extern E:\3.46\pic18-lt\cxx-framework\src\traditional\proc\p18f4520.asm
                   OSCCON   0x000fd3       data     extern E:\3.46\pic18-lt\cxx-framework\src\traditional\proc\p18f4520.asm
                    T0CON   0x000fd5       data     extern E:\3.46\pic18-lt\cxx-framework\src\traditional\proc\p18f4520.asm
                T0CONbits   0x000fd5       data     extern E:\3.46\pic18-lt\cxx-framework\src\traditional\proc\p18f4520.asm
                    TMR0L   0x000fd6       data     extern E:\3.46\pic18-lt\cxx-framework\src\traditional\proc\p18f4520.asm
                    TMR0H   0x000fd7       data     extern E:\3.46\pic18-lt\cxx-framework\src\traditional\proc\p18f4520.asm
                   STATUS   0x000fd8       data     extern E:\3.46\pic18-lt\cxx-framework\src\traditional\proc\p18f4520.asm
               STATUSbits   0x000fd8       data     extern E:\3.46\pic18-lt\cxx-framework\src\traditional\proc\p18f4520.asm
                    FSR2L   0x000fd9       data     extern E:\3.46\pic18-lt\cxx-framework\src\traditional\proc\p18f4520.asm
                     FSR2   0x000fd9       data     extern E:\3.46\pic18-lt\cxx-framework\src\traditional\proc\p18f4520.asm
                    FSR2H   0x000fda       data     extern E:\3.46\pic18-lt\cxx-framework\src\traditional\proc\p18f4520.asm
                   PLUSW2   0x000fdb       data     extern E:\3.46\pic18-lt\cxx-framework\src\traditional\proc\p18f4520.asm
                  PREINC2   0x000fdc       data     extern E:\3.46\pic18-lt\cxx-framework\src\traditional\proc\p18f4520.asm
                 POSTDEC2   0x000fdd       data     extern E:\3.46\pic18-lt\cxx-framework\src\traditional\proc\p18f4520.asm
                 POSTINC2   0x000fde       data     extern E:\3.46\pic18-lt\cxx-framework\src\traditional\proc\p18f4520.asm
                    INDF2   0x000fdf       data     extern E:\3.46\pic18-lt\cxx-framework\src\traditional\proc\p18f4520.asm
                      BSR   0x000fe0       data     extern E:\3.46\pic18-lt\cxx-framework\src\traditional\proc\p18f4520.asm
                     FSR1   0x000fe1       data     extern E:\3.46\pic18-lt\cxx-framework\src\traditional\proc\p18f4520.asm
                    FSR1L   0x000fe1       data     extern E:\3.46\pic18-lt\cxx-framework\src\traditional\proc\p18f4520.asm
                    FSR1H   0x000fe2       data     extern E:\3.46\pic18-lt\cxx-framework\src\traditional\proc\p18f4520.asm
                   PLUSW1   0x000fe3       data     extern E:\3.46\pic18-lt\cxx-framework\src\traditional\proc\p18f4520.asm
                  PREINC1   0x000fe4       data     extern E:\3.46\pic18-lt\cxx-framework\src\traditional\proc\p18f4520.asm
                 POSTDEC1   0x000fe5       data     extern E:\3.46\pic18-lt\cxx-framework\src\traditional\proc\p18f4520.asm
                 POSTINC1   0x000fe6       data     extern E:\3.46\pic18-lt\cxx-framework\src\traditional\proc\p18f4520.asm
                    INDF1   0x000fe7       data     extern E:\3.46\pic18-lt\cxx-framework\src\traditional\proc\p18f4520.asm
                        W   0x000fe8       data     extern E:\3.46\pic18-lt\cxx-framework\src\traditional\proc\p18f4520.asm
                     WREG   0x000fe8       data     extern E:\3.46\pic18-lt\cxx-framework\src\traditional\proc\p18f4520.asm
                    FSR0L   0x000fe9       data     extern E:\3.46\pic18-lt\cxx-framework\src\traditional\proc\p18f4520.asm
                     FSR0   0x000fe9       data     extern E:\3.46\pic18-lt\cxx-framework\src\traditional\proc\p18f4520.asm
                    FSR0H   0x000fea       data     extern E:\3.46\pic18-lt\cxx-framework\src\traditional\proc\p18f4520.asm
                   PLUSW0   0x000feb       data     extern E:\3.46\pic18-lt\cxx-framework\src\traditional\proc\p18f4520.asm
                  PREINC0   0x000fec       data     extern E:\3.46\pic18-lt\cxx-framework\src\traditional\proc\p18f4520.asm
                 POSTDEC0   0x000fed       data     extern E:\3.46\pic18-lt\cxx-framework\src\traditional\proc\p18f4520.asm
                 POSTINC0   0x000fee       data     extern E:\3.46\pic18-lt\cxx-framework\src\traditional\proc\p18f4520.asm
                    INDF0   0x000fef       data     extern E:\3.46\pic18-lt\cxx-framework\src\traditional\proc\p18f4520.asm
                  INTCON3   0x000ff0       data     extern E:\3.46\pic18-lt\cxx-framework\src\traditional\proc\p18f4520.asm
              INTCON3bits   0x000ff0       data     extern E:\3.46\pic18-lt\cxx-framework\src\traditional\proc\p18f4520.asm
              INTCON2bits   0x000ff1       data     extern E:\3.46\pic18-lt\cxx-framework\src\traditional\proc\p18f4520.asm
                  INTCON2   0x000ff1       data     extern E:\3.46\pic18-lt\cxx-framework\src\traditional\proc\p18f4520.asm
                   INTCON   0x000ff2       data     extern E:\3.46\pic18-lt\cxx-framework\src\traditional\proc\p18f4520.asm
               INTCONbits   0x000ff2       data     extern E:\3.46\pic18-lt\cxx-framework\src\traditional\proc\p18f4520.asm
                    PRODL   0x000ff3       data     extern E:\3.46\pic18-lt\cxx-framework\src\traditional\proc\p18f4520.asm
                     PROD   0x000ff3       data     extern E:\3.46\pic18-lt\cxx-framework\src\traditional\proc\p18f4520.asm
                    PRODH   0x000ff4       data     extern E:\3.46\pic18-lt\cxx-framework\src\traditional\proc\p18f4520.asm
                   TABLAT   0x000ff5       data     extern E:\3.46\pic18-lt\cxx-framework\src\traditional\proc\p18f4520.asm
                   TBLPTR   0x000ff6       data     extern E:\3.46\pic18-lt\cxx-framework\src\traditional\proc\p18f4520.asm
                  TBLPTRL   0x000ff6       data     extern E:\3.46\pic18-lt\cxx-framework\src\traditional\proc\p18f4520.asm
                  TBLPTRH   0x000ff7       data     extern E:\3.46\pic18-lt\cxx-framework\src\traditional\proc\p18f4520.asm
                  TBLPTRU   0x000ff8       data     extern E:\3.46\pic18-lt\cxx-framework\src\traditional\proc\p18f4520.asm
                      PCL   0x000ff9       data     extern E:\3.46\pic18-lt\cxx-framework\src\traditional\proc\p18f4520.asm
                       PC   0x000ff9       data     extern E:\3.46\pic18-lt\cxx-framework\src\traditional\proc\p18f4520.asm
                   PCLATH   0x000ffa       data     extern E:\3.46\pic18-lt\cxx-framework\src\traditional\proc\p18f4520.asm
                   PCLATU   0x000ffb       data     extern E:\3.46\pic18-lt\cxx-framework\src\traditional\proc\p18f4520.asm
               STKPTRbits   0x000ffc       data     extern E:\3.46\pic18-lt\cxx-framework\src\traditional\proc\p18f4520.asm
                   STKPTR   0x000ffc       data     extern E:\3.46\pic18-lt\cxx-framework\src\traditional\proc\p18f4520.asm
                      TOS   0x000ffd       data     extern E:\3.46\pic18-lt\cxx-framework\src\traditional\proc\p18f4520.asm
                     TOSL   0x000ffd       data     extern E:\3.46\pic18-lt\cxx-framework\src\traditional\proc\p18f4520.asm
                     TOSH   0x000ffe       data     extern E:\3.46\pic18-lt\cxx-framework\src\traditional\proc\p18f4520.asm
                     TOSU   0x000fff       data     extern E:\3.46\pic18-lt\cxx-framework\src\traditional\proc\p18f4520.asm


